Archive member included to satisfy reference by file (symbol)

/Applications/SEGGER Embedded Studio for ARM 4.30/lib/libc_v7em_fpv4_sp_d16_hard_t_le_eabi.a(libc_asm.o)
                              Output/ble_app_uart_c_pca10056_s140 Release/Obj/bsp.o (__aeabi_uldivmod)
/Applications/SEGGER Embedded Studio for ARM 4.30/lib/libc_v7em_fpv4_sp_d16_hard_t_le_eabi.a(libc2.o)
                              Output/ble_app_uart_c_pca10056_s140 Release/Obj/nrf_log_str_formatter.o (isprint)
/Applications/SEGGER Embedded Studio for ARM 4.30/lib/libc_v7em_fpv4_sp_d16_hard_t_le_eabi.a(libc2_asm.o)
                              Output/ble_app_uart_c_pca10056_s140 Release/Obj/nrf_log_frontend.o (memcpy)
/Applications/SEGGER Embedded Studio for ARM 4.30/lib/libc_v7em_fpv4_sp_d16_hard_t_le_eabi.a(libc.o)
                              /Applications/SEGGER Embedded Studio for ARM 4.30/lib/libc_v7em_fpv4_sp_d16_hard_t_le_eabi.a(libc2.o) (__heap_lock)
/Applications/SEGGER Embedded Studio for ARM 4.30/lib/libdebugio_v7em_fpv4_sp_d16_hard_t_le_eabi.a(libdebugio.o)
                              Output/ble_app_uart_c_pca10056_s140 Release/Obj/thumb_crt0.o (debug_fopen)
/Applications/SEGGER Embedded Studio for ARM 4.30/lib/libdebugio_mempoll_v7em_fpv4_sp_d16_hard_t_le_eabi.a(mempoll_debug_operations.o)
                              /Applications/SEGGER Embedded Studio for ARM 4.30/lib/libdebugio_v7em_fpv4_sp_d16_hard_t_le_eabi.a(libdebugio.o) (__do_debug_operation)
/Applications/SEGGER Embedded Studio for ARM 4.30/lib/libdebugio_mempoll_v7em_fpv4_sp_d16_hard_t_le_eabi.a(do_nv_debug_operation.o)
                              /Applications/SEGGER Embedded Studio for ARM 4.30/lib/libdebugio_v7em_fpv4_sp_d16_hard_t_le_eabi.a(libdebugio.o) (__do_nvdebug_operation)
/Applications/SEGGER Embedded Studio for ARM 4.30/lib/libm_v7em_fpv4_sp_d16_hard_t_le_eabi.a(libm_asm.o)
                              /Applications/SEGGER Embedded Studio for ARM 4.30/lib/libc_v7em_fpv4_sp_d16_hard_t_le_eabi.a(libc2.o) (__aeabi_dadd)
/Applications/SEGGER Embedded Studio for ARM 4.30/lib/libm_v7em_fpv4_sp_d16_hard_t_le_eabi.a(libm2.o)
                              /Applications/SEGGER Embedded Studio for ARM 4.30/lib/libvfprintf_v7em_fpv4_sp_d16_hard_t_le_eabi.o (frexp)

Discarded input sections

 .text          0x0000000000000000        0x0 Output/ble_app_uart_c_pca10056_s140 Release/Obj/thumb_crt0.o
 .data          0x0000000000000000        0x0 Output/ble_app_uart_c_pca10056_s140 Release/Obj/thumb_crt0.o
 .bss           0x0000000000000000        0x0 Output/ble_app_uart_c_pca10056_s140 Release/Obj/thumb_crt0.o
 .text.__aeabi_read_tp
                0x0000000000000000        0x8 Output/ble_app_uart_c_pca10056_s140 Release/Obj/thumb_crt0.o
 .text.abort    0x0000000000000000        0x2 Output/ble_app_uart_c_pca10056_s140 Release/Obj/thumb_crt0.o
 .text.__assert
                0x0000000000000000        0x2 Output/ble_app_uart_c_pca10056_s140 Release/Obj/thumb_crt0.o
 .text.__aeabi_assert
                0x0000000000000000        0x2 Output/ble_app_uart_c_pca10056_s140 Release/Obj/thumb_crt0.o
 .text.__sync_synchronize
                0x0000000000000000        0x2 Output/ble_app_uart_c_pca10056_s140 Release/Obj/thumb_crt0.o
 .text.__getchar
                0x0000000000000000        0x4 Output/ble_app_uart_c_pca10056_s140 Release/Obj/thumb_crt0.o
 .text.__putchar
                0x0000000000000000        0x4 Output/ble_app_uart_c_pca10056_s140 Release/Obj/thumb_crt0.o
 .text.__open   0x0000000000000000        0x4 Output/ble_app_uart_c_pca10056_s140 Release/Obj/thumb_crt0.o
 .text.__close  0x0000000000000000        0x4 Output/ble_app_uart_c_pca10056_s140 Release/Obj/thumb_crt0.o
 .text.__write  0x0000000000000000        0xa Output/ble_app_uart_c_pca10056_s140 Release/Obj/thumb_crt0.o
 .text.__read   0x0000000000000000        0xa Output/ble_app_uart_c_pca10056_s140 Release/Obj/thumb_crt0.o
 .text.__seek   0x0000000000000000       0x1a Output/ble_app_uart_c_pca10056_s140 Release/Obj/thumb_crt0.o
 .bss.__user_locale_name_buffer
                0x0000000000000000        0x4 Output/ble_app_uart_c_pca10056_s140 Release/Obj/thumb_crt0.o
 .stack         0x0000000000000000        0x0 Output/ble_app_uart_c_pca10056_s140 Release/Obj/thumb_crt0.o
 .stack_process
                0x0000000000000000        0x0 Output/ble_app_uart_c_pca10056_s140 Release/Obj/thumb_crt0.o
 .heap          0x0000000000000000        0x0 Output/ble_app_uart_c_pca10056_s140 Release/Obj/thumb_crt0.o
 .group         0x0000000000000000        0xc Output/ble_app_uart_c_pca10056_s140 Release/Obj/nrf_log_backend_rtt.o
 .group         0x0000000000000000        0xc Output/ble_app_uart_c_pca10056_s140 Release/Obj/nrf_log_backend_rtt.o
 .group         0x0000000000000000        0xc Output/ble_app_uart_c_pca10056_s140 Release/Obj/nrf_log_backend_rtt.o
 .group         0x0000000000000000        0xc Output/ble_app_uart_c_pca10056_s140 Release/Obj/nrf_log_backend_rtt.o
[...]
Memory Configuration

Name             Origin             Length             Attributes
UNPLACED_SECTIONS 0x0000000100000000 0x0000000000000000 xw
RAM              0x0000000020000000 0x0000000000040000 xw
FLASH            0x0000000000000000 0x0000000000100000 xw
*default*        0x0000000000000000 0xffffffffffffffff

Linker script and memory map

                0x000000000002d1a8                __vfprintf = __vfprintf_long
                0x0000000000000000                __vfscanf = __vfscanf_long
                0x0000000020000000                __RAM_segment_start__ = 0x20000000
                0x0000000020040000                __RAM_segment_end__ = 0x20040000
                0x0000000000040000                __RAM_segment_size__ = 0x40000
                0x0000000000000000                __FLASH_segment_start__ = 0x0
                0x0000000000100000                __FLASH_segment_end__ = 0x100000
                0x0000000000100000                __FLASH_segment_size__ = 0x100000
                0x0000000000002000                __HEAPSIZE__ = 0x2000
                0x0000000000000000                __STACKSIZE_PROCESS__ = 0x0
                0x0000000000002000                __STACKSIZE__ = 0x2000
                0x0000000020000000                __reserved_ram_load_start__ = 0x20000000

.reserved_ram   0x0000000020000000     0x2a38
                0x0000000020000000                __reserved_ram_start__ = .
 *(.reserved_ram .reserved_ram.*)
                0x0000000020002a38                . = MAX (((__reserved_ram_start__ + 0x20002a38) - 0x20000000), .)
 *fill*         0x0000000020000000     0x2a38 
                0x0000000020002a38                __reserved_ram_end__ = (__reserved_ram_start__ + SIZEOF (.reserved_ram))
                0x0000000000002a38                __reserved_ram_size__ = SIZEOF (.reserved_ram)
                0x0000000020002a38                __reserved_ram_load_end__ = __reserved_ram_end__
                0x0000000000000001                . = ASSERT (((__reserved_ram_start__ == __reserved_ram_end__) || ((__reserved_ram_end__ - __RAM_segment_start__) <= __RAM_segment_size__)), error: .reserved_ram is too large to fit in RAM memory segment)
                0x0000000020002a38                __vectors_ram_load_start__ = 0x20002a38

.vectors_ram    0x0000000020002a38        0x0
                0x0000000020002a38                __vectors_ram_start__ = .
                0x0000000020002a38                __app_ram_start__ = __vectors_ram_start__
 *(.vectors_ram .vectors_ram.*)
                0x0000000020002a38                __vectors_ram_end__ = (__vectors_ram_start__ + SIZEOF (.vectors_ram))
                0x0000000000000000                __vectors_ram_size__ = SIZEOF (.vectors_ram)
                0x0000000020002a38                __vectors_ram_load_end__ = __vectors_ram_end__
                0x0000000000000001                . = ASSERT (((__vectors_ram_start__ == __vectors_ram_end__) || ((__vectors_ram_end__ - __RAM_segment_start__) <= __RAM_segment_size__)), error: .vectors_ram is too large to fit in RAM memory segment)
                0x0000000000000001                . = ASSERT ((__reserved_ram_end__ <= __vectors_ram_start__), error: section .reserved_ram overlaps absolute placed section .vectors_ram)
                0x0000000020002a38                __nrf_sections_run_load_start__ = ALIGN (__vectors_ram_end__, 0x4)

.nrf_sections_run
                0x0000000020002a38        0x0
                0x0000000020002a38                __nrf_sections_run_start__ = .
                0x0000000020002a38                __start_nrf_sections_run = __nrf_sections_run_start__
 *(.nrf_sections_run .nrf_sections_run.*)
                0x0000000020002a38                __nrf_sections_run_end__ = (__nrf_sections_run_start__ + SIZEOF (.nrf_sections_run))
                0x0000000000000000                __nrf_sections_run_size__ = SIZEOF (.nrf_sections_run)
                0x0000000020002a38                __nrf_sections_run_load_end__ = __nrf_sections_run_end__
                0x0000000000000001                . = ASSERT (((__nrf_sections_run_start__ == __nrf_sections_run_end__) || ((__nrf_sections_run_end__ - __RAM_segment_start__) <= __RAM_segment_size__)), error: .nrf_sections_run is too large to fit in RAM memory segment)
                0x0000000000000000                __reserved_flash_load_start__ = 0x0

.reserved_flash
                0x0000000000000000    0x27000
                0x0000000000000000                __reserved_flash_start__ = .
 *(.reserved_flash .reserved_flash.*)
                0x0000000000027000                . = MAX (((__reserved_flash_start__ + 0x27000) - 0x0), .)
 *fill*         0x0000000000000000    0x27000 
                0x0000000000027000                __reserved_flash_end__ = (__reserved_flash_start__ + SIZEOF (.reserved_flash))
                0x0000000000027000                __reserved_flash_size__ = SIZEOF (.reserved_flash)
                0x0000000000027000                __reserved_flash_load_end__ = __reserved_flash_end__
                0x0000000000000001                . = ASSERT (((__reserved_flash_start__ == __reserved_flash_end__) || ((__reserved_flash_end__ - __FLASH_segment_start__) <= __FLASH_segment_size__)), error: .reserved_flash is too large to fit in FLASH memory segment)
                0x0000000000027000                __vectors_load_start__ = 0x27000

.vectors        0x0000000000027000      0x200
                0x0000000000027000                __vectors_start__ = .
 *(.vectors .vectors.*)
 .vectors       0x0000000000027000      0x200 Output/ble_app_uart_c_pca10056_s140 Release/Obj/ses_startup_nrf52840.o
                0x0000000000027000                _vectors
                0x0000000000027200                __vectors_end__ = (__vectors_start__ + SIZEOF (.vectors))
                0x0000000000000200                __vectors_size__ = SIZEOF (.vectors)
                0x0000000000027200                __vectors_load_end__ = __vectors_end__
                0x0000000000000001                . = ASSERT (((__vectors_start__ == __vectors_end__) || ((__vectors_end__ - __FLASH_segment_start__) <= __FLASH_segment_size__)), error: .vectors is too large to fit in FLASH memory segment)
                0x0000000000000001                . = ASSERT ((__reserved_flash_end__ <= __vectors_start__), error: section .reserved_flash overlaps absolute placed section .vectors)
                0x0000000000027200                __init_load_start__ = ALIGN (__vectors_end__, 0x4)

.init           0x0000000000027200      0x1d0
                0x0000000000027200                __init_start__ = .
 *(.init .init.*)
 .init          0x0000000000027200      0x15c Output/ble_app_uart_c_pca10056_s140 Release/Obj/thumb_crt0.o
                0x0000000000027200                _start
                0x00000000000272b4                exit
 .init          0x000000000002735c       0x18 Output/ble_app_uart_c_pca10056_s140 Release/Obj/ses_startup_nrf52840.o
                0x000000000002735c                NMI_Handler
                0x000000000002735e                HardFault_Handler
                0x0000000000027360                MemoryManagement_Handler
                0x0000000000027362                BusFault_Handler
                0x0000000000027364                UsageFault_Handler
                0x0000000000027366                SVC_Handler
                0x0000000000027368                DebugMon_Handler
                0x000000000002736a                PendSV_Handler
                0x000000000002736c                SysTick_Handler
                0x000000000002736e                PWM3_IRQHandler
                0x000000000002736e                FPU_IRQHandler
                0x000000000002736e                USBD_IRQHandler
                0x000000000002736e                SPIM0_SPIS0_TWIM0_TWIS0_SPI0_TWI0_IRQHandler
                0x000000000002736e                TIMER4_IRQHandler
                0x000000000002736e                CRYPTOCELL_IRQHandler
                0x000000000002736e                I2S_IRQHandler
                0x000000000002736e                SWI4_EGU4_IRQHandler
                0x000000000002736e                TIMER0_IRQHandler
                0x000000000002736e                UARTE1_IRQHandler
                0x000000000002736e                Dummy_Handler
                0x000000000002736e                TIMER1_IRQHandler
                0x000000000002736e                SPIM3_IRQHandler
                0x000000000002736e                PWM2_IRQHandler
                0x000000000002736e                ECB_IRQHandler
                0x000000000002736e                SPIM1_SPIS1_TWIM1_TWIS1_SPI1_TWI1_IRQHandler
                0x000000000002736e                SAADC_IRQHandler
                0x000000000002736e                CCM_AAR_IRQHandler
                0x000000000002736e                WDT_IRQHandler
                0x000000000002736e                SWI5_EGU5_IRQHandler
                0x000000000002736e                RNG_IRQHandler
                0x000000000002736e                RTC2_IRQHandler
                0x000000000002736e                PWM0_IRQHandler
                0x000000000002736e                SWI3_EGU3_IRQHandler
                0x000000000002736e                SWI1_EGU1_IRQHandler
                0x000000000002736e                SPIM2_SPIS2_SPI2_IRQHandler
                0x000000000002736e                NFCT_IRQHandler
                0x000000000002736e                MWU_IRQHandler
                0x000000000002736e                COMP_LPCOMP_IRQHandler
                0x000000000002736e                RTC0_IRQHandler
                0x000000000002736e                SWI0_EGU0_IRQHandler
                0x000000000002736e                PWM1_IRQHandler
                0x000000000002736e                RADIO_IRQHandler
                0x000000000002736e                PDM_IRQHandler
                0x000000000002736e                TEMP_IRQHandler
                0x000000000002736e                QDEC_IRQHandler
                0x000000000002736e                TIMER3_IRQHandler
                0x000000000002736e                TIMER2_IRQHandler
                0x000000000002736e                QSPI_IRQHandler
                0x0000000000027370                nRFInitialize
 .init          0x0000000000027374       0x5c Output/ble_app_uart_c_pca10056_s140 Release/Obj/ses_startup_nrf_common.o
                0x0000000000027374                Reset_Handler
                0x0000000000027378                afterInitialize
                0x000000000002739c                InitializeUserMemorySections
                0x00000000000273d0                __init_end__ = (__init_start__ + SIZEOF (.init))
                0x00000000000001d0                __init_size__ = SIZEOF (.init)
                0x00000000000273d0                __init_load_end__ = __init_end__
                0x0000000000000001                . = ASSERT (((__init_start__ == __init_end__) || ((__init_end__ - __FLASH_segment_start__) <= __FLASH_segment_size__)), error: .init is too large to fit in FLASH memory segment)
                0x00000000000273d0                __init_rodata_load_start__ = ALIGN (__init_end__, 0x4)

.init_rodata    0x00000000000273d0        0x0
                0x00000000000273d0                __init_rodata_start__ = .
 *(.init_rodata .init_rodata.*)
                0x00000000000273d0                __init_rodata_end__ = (__init_rodata_start__ + SIZEOF (.init_rodata))
                0x0000000000000000                __init_rodata_size__ = SIZEOF (.init_rodata)
                0x00000000000273d0                __init_rodata_load_end__ = __init_rodata_end__
                0x0000000000000001                . = ASSERT (((__init_rodata_start__ == __init_rodata_end__) || ((__init_rodata_end__ - __FLASH_segment_start__) <= __FLASH_segment_size__)), error: .init_rodata is too large to fit in FLASH memory segment)
                0x00000000000273d0                __text_load_start__ = ALIGN (__init_rodata_end__, 0x4)

.text           0x00000000000273d0     0x651c
                0x00000000000273d0                __text_start__ = .
 *(.text .text.* .glue_7t .glue_7 .gnu.linkonce.t.* .gcc_except_table .ARM.extab* .gnu.linkonce.armextab.*)
 .glue_7        0x00000000000273d0        0x0 linker stubs
 .glue_7t       0x00000000000273d0        0x0 linker stubs
 .text.nrf_log_backend_rtt_flush
                0x00000000000273d0        0x2 Output/ble_app_uart_c_pca10056_s140 Release/Obj/nrf_log_backend_rtt.o
 *fill*         0x00000000000273d2        0x2 
 .text.nrf_log_backend_rtt_put
                0x00000000000273d4       0x1c Output/ble_app_uart_c_pca10056_s140 Release/Obj/nrf_log_backend_rtt.o
 .text.serial_tx
                0x00000000000273f0       0x50 Output/ble_app_uart_c_pca10056_s140 Release/Obj/nrf_log_backend_rtt.o
 .text.nrf_log_backend_rtt_panic_set
                0x0000000000027440        0x2 Output/ble_app_uart_c_pca10056_s140 Release/Obj/nrf_log_backend_rtt.o
 .text.nrf_log_backend_rtt_init
                0x0000000000027442        0x4 Output/ble_app_uart_c_pca10056_s140 Release/Obj/nrf_log_backend_rtt.o
                0x0000000000027442                nrf_log_backend_rtt_init
 .text.nrf_log_backend_serial_put
                0x0000000000027446       0xc0 Output/ble_app_uart_c_pca10056_s140 Release/Obj/nrf_log_backend_serial.o
                0x0000000000027446                nrf_log_backend_serial_put
 *fill*         0x0000000000027506        0x2 
 .text.nrf_log_default_backends_init
                0x0000000000027508       0x20 Output/ble_app_uart_c_pca10056_s140 Release/Obj/nrf_log_default_backends.o
                0x0000000000027508                nrf_log_default_backends_init
 .text.invalid_packets_omit
                0x0000000000027528       0x3a Output/ble_app_uart_c_pca10056_s140 Release/Obj/nrf_log_frontend.o
 *fill*         0x0000000000027562        0x2 
 .text.buf_prealloc
                0x0000000000027564      0x138 Output/ble_app_uart_c_pca10056_s140 Release/Obj/nrf_log_frontend.o
 .text.nrf_log_init
                0x000000000002769c       0x3c Output/ble_app_uart_c_pca10056_s140 Release/Obj/nrf_log_frontend.o
                0x000000000002769c                nrf_log_init
 .text.nrf_log_module_name_get
                0x00000000000276d8       0x38 Output/ble_app_uart_c_pca10056_s140 Release/Obj/nrf_log_frontend.o
                0x00000000000276d8                nrf_log_module_name_get
 .text.nrf_log_color_id_get
                0x0000000000027710       0x2c Output/ble_app_uart_c_pca10056_s140 Release/Obj/nrf_log_frontend.o
                0x0000000000027710                nrf_log_color_id_get
 .text.buffer_is_empty
                0x000000000002773c       0x14 Output/ble_app_uart_c_pca10056_s140 Release/Obj/nrf_log_frontend.o
                0x000000000002773c                buffer_is_empty
 .text.nrf_log_frontend_dequeue
                0x0000000000027750      0x224 Output/ble_app_uart_c_pca10056_s140 Release/Obj/nrf_log_frontend.o
                0x0000000000027750                nrf_log_frontend_dequeue
 .text.std_n    0x0000000000027974       0xb0 Output/ble_app_uart_c_pca10056_s140 Release/Obj/nrf_log_frontend.o
 .text.nrf_log_frontend_std_0
                0x0000000000027a24        0x8 Output/ble_app_uart_c_pca10056_s140 Release/Obj/nrf_log_frontend.o
                0x0000000000027a24                nrf_log_frontend_std_0
 .text.nrf_log_frontend_std_1
                0x0000000000027a2c       0x12 Output/ble_app_uart_c_pca10056_s140 Release/Obj/nrf_log_frontend.o
                0x0000000000027a2c                nrf_log_frontend_std_1
 .text.nrf_log_frontend_std_2
                0x0000000000027a3e       0x14 Output/ble_app_uart_c_pca10056_s140 Release/Obj/nrf_log_frontend.o
                0x0000000000027a3e                nrf_log_frontend_std_2
 .text.nrf_log_frontend_std_3
                0x0000000000027a52       0x18 Output/ble_app_uart_c_pca10056_s140 Release/Obj/nrf_log_frontend.o
                0x0000000000027a52                nrf_log_frontend_std_3
 .text.nrf_log_frontend_std_6
                0x0000000000027a6a       0x24 Output/ble_app_uart_c_pca10056_s140 Release/Obj/nrf_log_frontend.o
                0x0000000000027a6a                nrf_log_frontend_std_6
 *fill*         0x0000000000027a8e        0x2 
 .text.nrf_log_backend_add
                0x0000000000027a90       0x44 Output/ble_app_uart_c_pca10056_s140 Release/Obj/nrf_log_frontend.o
                0x0000000000027a90                nrf_log_backend_add
 .text.nrf_log_panic
                0x0000000000027ad4       0x2c Output/ble_app_uart_c_pca10056_s140 Release/Obj/nrf_log_frontend.o
                0x0000000000027ad4                nrf_log_panic
 .text.postfix_process
                0x0000000000027b00       0x3c Output/ble_app_uart_c_pca10056_s140 Release/Obj/nrf_log_str_formatter.o
 .text.prefix_process
                0x0000000000027b3c       0x78 Output/ble_app_uart_c_pca10056_s140 Release/Obj/nrf_log_str_formatter.o
 .text.nrf_log_std_entry_process
                0x0000000000027bb4       0xc8 Output/ble_app_uart_c_pca10056_s140 Release/Obj/nrf_log_str_formatter.o
                0x0000000000027bb4                nrf_log_std_entry_process
 .text.nrf_log_hexdump_entry_process
                0x0000000000027c7c       0xb4 Output/ble_app_uart_c_pca10056_s140 Release/Obj/nrf_log_str_formatter.o
                0x0000000000027c7c                nrf_log_hexdump_entry_process
 .text.state_set
                0x0000000000027d30       0x24 Output/ble_app_uart_c_pca10056_s140 Release/Obj/app_button.o
 .text.button_get
                0x0000000000027d54       0x30 Output/ble_app_uart_c_pca10056_s140 Release/Obj/app_button.o
 .text.usr_event
                0x0000000000027d84       0x1c Output/ble_app_uart_c_pca10056_s140 Release/Obj/app_button.o
 .text.timer_start
                0x0000000000027da0       0x18 Output/ble_app_uart_c_pca10056_s140 Release/Obj/app_button.o
 .text.gpiote_event_handler
                0x0000000000027db8       0x34 Output/ble_app_uart_c_pca10056_s140 Release/Obj/app_button.o
 .text.evt_handle
                0x0000000000027dec       0xe8 Output/ble_app_uart_c_pca10056_s140 Release/Obj/app_button.o
                0x0000000000027dec                evt_handle
 .text.detection_delay_timeout_handler
                0x0000000000027ed4       0x5c Output/ble_app_uart_c_pca10056_s140 Release/Obj/app_button.o
 .text.app_button_init
                0x0000000000027f30       0xac Output/ble_app_uart_c_pca10056_s140 Release/Obj/app_button.o
                0x0000000000027f30                app_button_init
 .text.app_button_enable
                0x0000000000027fdc       0x2c Output/ble_app_uart_c_pca10056_s140 Release/Obj/app_button.o
                0x0000000000027fdc                app_button_enable
 .text.app_error_handler_bare
                0x0000000000028008       0x1a Output/ble_app_uart_c_pca10056_s140 Release/Obj/app_error.o
                0x0000000000028008                app_error_handler_bare
 *fill*         0x0000000000028022        0x2 
 .text.app_error_fault_handler
                0x0000000000028024       0x70 Output/ble_app_uart_c_pca10056_s140 Release/Obj/app_error_weak.o
                0x0000000000028024                app_error_fault_handler
 .text.app_fifo_init
                0x0000000000028094       0x1e Output/ble_app_uart_c_pca10056_s140 Release/Obj/app_fifo.o
                0x0000000000028094                app_fifo_init
 .text.app_fifo_put
                0x00000000000280b2       0x24 Output/ble_app_uart_c_pca10056_s140 Release/Obj/app_fifo.o
                0x00000000000280b2                app_fifo_put
 .text.app_fifo_get
                0x00000000000280d6       0x22 Output/ble_app_uart_c_pca10056_s140 Release/Obj/app_fifo.o
                0x00000000000280d6                app_fifo_get
 .text.compare_func
                0x00000000000280f8       0x16 Output/ble_app_uart_c_pca10056_s140 Release/Obj/app_timer2.o
 *fill*         0x000000000002810e        0x2 
 .text.get_now  0x0000000000028110       0x44 Output/ble_app_uart_c_pca10056_s140 Release/Obj/app_timer2.o
 .text.timer_req_schedule
                0x0000000000028154       0x38 Output/ble_app_uart_c_pca10056_s140 Release/Obj/app_timer2.o
 .text.timer_expire
                0x000000000002818c       0x70 Output/ble_app_uart_c_pca10056_s140 Release/Obj/app_timer2.o
 .text.app_timer_init
                0x00000000000281fc       0x64 Output/ble_app_uart_c_pca10056_s140 Release/Obj/app_timer2.o
                0x00000000000281fc                app_timer_init
 .text.app_timer_create
                0x0000000000028260       0x16 Output/ble_app_uart_c_pca10056_s140 Release/Obj/app_timer2.o
                0x0000000000028260                app_timer_create
 .text.app_timer_start
                0x0000000000028276       0x30 Output/ble_app_uart_c_pca10056_s140 Release/Obj/app_timer2.o
                0x0000000000028276                app_timer_start
 .text.app_timer_stop
                0x00000000000282a6        0xc Output/ble_app_uart_c_pca10056_s140 Release/Obj/app_timer2.o
                0x00000000000282a6                app_timer_stop
 *fill*         0x00000000000282b2        0x2 
 .text.app_timer_cnt_get
                0x00000000000282b4        0xc Output/ble_app_uart_c_pca10056_s140 Release/Obj/app_timer2.o
                0x00000000000282b4                app_timer_cnt_get
 .text.rtc_irq  0x00000000000282c0      0x194 Output/ble_app_uart_c_pca10056_s140 Release/Obj/app_timer2.o
 .text.nrf_drv_uart_rx.constprop.0
                0x0000000000028454       0x28 Output/ble_app_uart_c_pca10056_s140 Release/Obj/app_uart_fifo.o
 .text.nrf_drv_uart_tx.constprop.2
                0x000000000002847c       0x28 Output/ble_app_uart_c_pca10056_s140 Release/Obj/app_uart_fifo.o
 .text.uart_event_handler
                0x00000000000284a4       0xa0 Output/ble_app_uart_c_pca10056_s140 Release/Obj/app_uart_fifo.o
 .text.app_uart_init
                0x0000000000028544       0xb0 Output/ble_app_uart_c_pca10056_s140 Release/Obj/app_uart_fifo.o
                0x0000000000028544                app_uart_init
 .text.app_uart_get
                0x00000000000285f4       0x2c Output/ble_app_uart_c_pca10056_s140 Release/Obj/app_uart_fifo.o
                0x00000000000285f4                app_uart_get
 .text.app_uart_put
                0x0000000000028620       0x50 Output/ble_app_uart_c_pca10056_s140 Release/Obj/app_uart_fifo.o
                0x0000000000028620                app_uart_put
 .text.app_util_critical_region_enter
                0x0000000000028670       0x48 Output/ble_app_uart_c_pca10056_s140 Release/Obj/app_util_platform.o
                0x0000000000028670                app_util_critical_region_enter
 .text.app_util_critical_region_exit
                0x00000000000286b8       0x2c Output/ble_app_uart_c_pca10056_s140 Release/Obj/app_util_platform.o
                0x00000000000286b8                app_util_critical_region_exit
 .text.evt_pending.isra.3
                0x00000000000286e4       0x1a Output/ble_app_uart_c_pca10056_s140 Release/Obj/drv_rtc.o
 *fill*         0x00000000000286fe        0x2 
 .text.drv_rtc_init
                0x0000000000028700       0xac Output/ble_app_uart_c_pca10056_s140 Release/Obj/drv_rtc.o
                0x0000000000028700                drv_rtc_init
 .text.drv_rtc_start
                0x00000000000287ac        0x8 Output/ble_app_uart_c_pca10056_s140 Release/Obj/drv_rtc.o
                0x00000000000287ac                drv_rtc_start
 .text.drv_rtc_stop
                0x00000000000287b4        0x8 Output/ble_app_uart_c_pca10056_s140 Release/Obj/drv_rtc.o
                0x00000000000287b4                drv_rtc_stop
 .text.drv_rtc_compare_set
                0x00000000000287bc       0x3e Output/ble_app_uart_c_pca10056_s140 Release/Obj/drv_rtc.o
                0x00000000000287bc                drv_rtc_compare_set
 *fill*         0x00000000000287fa        0x2 
 .text.drv_rtc_windowed_compare_set
                0x00000000000287fc       0xe8 Output/ble_app_uart_c_pca10056_s140 Release/Obj/drv_rtc.o
                0x00000000000287fc                drv_rtc_windowed_compare_set
 .text.drv_rtc_overflow_enable
                0x00000000000288e4       0x10 Output/ble_app_uart_c_pca10056_s140 Release/Obj/drv_rtc.o
                0x00000000000288e4                drv_rtc_overflow_enable
 .text.drv_rtc_overflow_pending
                0x00000000000288f4        0xa Output/ble_app_uart_c_pca10056_s140 Release/Obj/drv_rtc.o
                0x00000000000288f4                drv_rtc_overflow_pending
 .text.drv_rtc_compare_disable
                0x00000000000288fe       0x14 Output/ble_app_uart_c_pca10056_s140 Release/Obj/drv_rtc.o
                0x00000000000288fe                drv_rtc_compare_disable
 .text.drv_rtc_compare_pending
                0x0000000000028912        0xc Output/ble_app_uart_c_pca10056_s140 Release/Obj/drv_rtc.o
                0x0000000000028912                drv_rtc_compare_pending
 .text.drv_rtc_counter_get
                0x000000000002891e        0x8 Output/ble_app_uart_c_pca10056_s140 Release/Obj/drv_rtc.o
                0x000000000002891e                drv_rtc_counter_get
 *fill*         0x0000000000028926        0x2 
 .text.drv_rtc_irq_trigger
                0x0000000000028928       0x20 Output/ble_app_uart_c_pca10056_s140 Release/Obj/drv_rtc.o
                0x0000000000028928                drv_rtc_irq_trigger
 .text.RTC1_IRQHandler
                0x0000000000028948       0x14 Output/ble_app_uart_c_pca10056_s140 Release/Obj/drv_rtc.o
                0x0000000000028948                RTC1_IRQHandler
 .text.nrf_atfifo_init
                0x000000000002895c       0x26 Output/ble_app_uart_c_pca10056_s140 Release/Obj/nrf_atfifo.o
                0x000000000002895c                nrf_atfifo_init
 .text.nrf_atfifo_item_alloc
                0x0000000000028982       0x54 Output/ble_app_uart_c_pca10056_s140 Release/Obj/nrf_atfifo.o
                0x0000000000028982                nrf_atfifo_item_alloc
 .text.nrf_atfifo_item_put
                0x00000000000289d6       0x20 Output/ble_app_uart_c_pca10056_s140 Release/Obj/nrf_atfifo.o
                0x00000000000289d6                nrf_atfifo_item_put
 .text.nrf_atfifo_item_get
                0x00000000000289f6       0x56 Output/ble_app_uart_c_pca10056_s140 Release/Obj/nrf_atfifo.o
                0x00000000000289f6                nrf_atfifo_item_get
 .text.nrf_atfifo_item_free
                0x0000000000028a4c       0x20 Output/ble_app_uart_c_pca10056_s140 Release/Obj/nrf_atfifo.o
                0x0000000000028a4c                nrf_atfifo_item_free
 .text.nrf_atomic_u32_fetch_store
                0x0000000000028a6c       0x14 Output/ble_app_uart_c_pca10056_s140 Release/Obj/nrf_atomic.o
                0x0000000000028a6c                nrf_atomic_u32_fetch_store
 .text.nrf_atomic_u32_or
                0x0000000000028a80       0x16 Output/ble_app_uart_c_pca10056_s140 Release/Obj/nrf_atomic.o
                0x0000000000028a80                nrf_atomic_u32_or
 .text.nrf_atomic_u32_fetch_and
                0x0000000000028a96       0x16 Output/ble_app_uart_c_pca10056_s140 Release/Obj/nrf_atomic.o
                0x0000000000028a96                nrf_atomic_u32_fetch_and
 .text.nrf_atomic_u32_add
                0x0000000000028aac       0x16 Output/ble_app_uart_c_pca10056_s140 Release/Obj/nrf_atomic.o
                0x0000000000028aac                nrf_atomic_u32_add
 .text.nrf_atomic_u32_sub
                0x0000000000028ac2       0x16 Output/ble_app_uart_c_pca10056_s140 Release/Obj/nrf_atomic.o
                0x0000000000028ac2                nrf_atomic_u32_sub
 .text.nrf_atomic_flag_set
                0x0000000000028ad8        0x6 Output/ble_app_uart_c_pca10056_s140 Release/Obj/nrf_atomic.o
                0x0000000000028ad8                nrf_atomic_flag_set
 .text.nrf_atomic_flag_clear_fetch
                0x0000000000028ade        0x6 Output/ble_app_uart_c_pca10056_s140 Release/Obj/nrf_atomic.o
                0x0000000000028ade                nrf_atomic_flag_clear_fetch
 .text.nrf_balloc_init
                0x0000000000028ae4       0x2e Output/ble_app_uart_c_pca10056_s140 Release/Obj/nrf_balloc.o
                0x0000000000028ae4                nrf_balloc_init
 .text.nrf_balloc_alloc
                0x0000000000028b12       0x48 Output/ble_app_uart_c_pca10056_s140 Release/Obj/nrf_balloc.o
                0x0000000000028b12                nrf_balloc_alloc
 .text.nrf_balloc_free
                0x0000000000028b5a       0x34 Output/ble_app_uart_c_pca10056_s140 Release/Obj/nrf_balloc.o
                0x0000000000028b5a                nrf_balloc_free
 .text.nrf_fprintf_buffer_flush
                0x0000000000028b8e       0x16 Output/ble_app_uart_c_pca10056_s140 Release/Obj/nrf_fprintf.o
                0x0000000000028b8e                nrf_fprintf_buffer_flush
 .text.nrf_fprintf
                0x0000000000028ba4       0x1c Output/ble_app_uart_c_pca10056_s140 Release/Obj/nrf_fprintf.o
                0x0000000000028ba4                nrf_fprintf
 .text.buffer_add
                0x0000000000028bc0       0x2e Output/ble_app_uart_c_pca10056_s140 Release/Obj/nrf_fprintf_format.o
 *fill*         0x0000000000028bee        0x2 
 .text.unsigned_print
                0x0000000000028bf0       0xb0 Output/ble_app_uart_c_pca10056_s140 Release/Obj/nrf_fprintf_format.o
 .text.nrf_fprintf_fmt
                0x0000000000028ca0      0x276 Output/ble_app_uart_c_pca10056_s140 Release/Obj/nrf_fprintf_format.o
                0x0000000000028ca0                nrf_fprintf_fmt
 .text.memobj_op
                0x0000000000028f16       0x82 Output/ble_app_uart_c_pca10056_s140 Release/Obj/nrf_memobj.o
 .text.nrf_memobj_pool_init
                0x0000000000028f98        0x4 Output/ble_app_uart_c_pca10056_s140 Release/Obj/nrf_memobj.o
                0x0000000000028f98                nrf_memobj_pool_init
 .text.nrf_memobj_free
                0x0000000000028f9c       0x2c Output/ble_app_uart_c_pca10056_s140 Release/Obj/nrf_memobj.o
                0x0000000000028f9c                nrf_memobj_free
 .text.nrf_memobj_alloc
                0x0000000000028fc8       0x5e Output/ble_app_uart_c_pca10056_s140 Release/Obj/nrf_memobj.o
                0x0000000000028fc8                nrf_memobj_alloc
 .text.nrf_memobj_get
                0x0000000000029026        0x8 Output/ble_app_uart_c_pca10056_s140 Release/Obj/nrf_memobj.o
                0x0000000000029026                nrf_memobj_get
 .text.nrf_memobj_put
                0x000000000002902e       0x1e Output/ble_app_uart_c_pca10056_s140 Release/Obj/nrf_memobj.o
                0x000000000002902e                nrf_memobj_put
 .text.nrf_memobj_write
                0x000000000002904c       0x14 Output/ble_app_uart_c_pca10056_s140 Release/Obj/nrf_memobj.o
                0x000000000002904c                nrf_memobj_write
 .text.nrf_memobj_read
                0x0000000000029060       0x14 Output/ble_app_uart_c_pca10056_s140 Release/Obj/nrf_memobj.o
                0x0000000000029060                nrf_memobj_read
 .text.sd_power_system_off
                0x0000000000029074        0x4 Output/ble_app_uart_c_pca10056_s140 Release/Obj/nrf_pwr_mgmt.o
 .text.sd_app_evt_wait
                0x0000000000029078        0x4 Output/ble_app_uart_c_pca10056_s140 Release/Obj/nrf_pwr_mgmt.o
 .text.nrf_pwr_mgmt_init
                0x000000000002907c       0x2c Output/ble_app_uart_c_pca10056_s140 Release/Obj/nrf_pwr_mgmt.o
                0x000000000002907c                nrf_pwr_mgmt_init
 .text.nrf_pwr_mgmt_run
                0x00000000000290a8       0x4c Output/ble_app_uart_c_pca10056_s140 Release/Obj/nrf_pwr_mgmt.o
                0x00000000000290a8                nrf_pwr_mgmt_run
 .text.nrf_pwr_mgmt_shutdown
                0x00000000000290f4       0xb4 Output/ble_app_uart_c_pca10056_s140 Release/Obj/nrf_pwr_mgmt.o
                0x00000000000290f4                nrf_pwr_mgmt_shutdown
 .text.queue_utilization_get
                0x00000000000291a8       0x18 Output/ble_app_uart_c_pca10056_s140 Release/Obj/nrf_queue.o
 .text.nrf_queue_is_full
                0x00000000000291c0       0x18 Output/ble_app_uart_c_pca10056_s140 Release/Obj/nrf_queue.o
                0x00000000000291c0                nrf_queue_is_full
 .text.nrf_queue_push
                0x00000000000291d8       0xac Output/ble_app_uart_c_pca10056_s140 Release/Obj/nrf_queue.o
                0x00000000000291d8                nrf_queue_push
 .text.nrf_queue_is_empty
                0x0000000000029284        0xe Output/ble_app_uart_c_pca10056_s140 Release/Obj/nrf_queue.o
                0x0000000000029284                nrf_queue_is_empty
 .text.nrf_queue_generic_pop
                0x0000000000029292       0x8a Output/ble_app_uart_c_pca10056_s140 Release/Obj/nrf_queue.o
                0x0000000000029292                nrf_queue_generic_pop
 .text.nrf_ringbuf_init
                0x000000000002931c       0x12 Output/ble_app_uart_c_pca10056_s140 Release/Obj/nrf_ringbuf.o
                0x000000000002931c                nrf_ringbuf_init
 .text.nrf_section_iter_init
                0x000000000002932e       0x14 Output/ble_app_uart_c_pca10056_s140 Release/Obj/nrf_section_iter.o
                0x000000000002932e                nrf_section_iter_init
 .text.nrf_section_iter_next
                0x0000000000029342       0x18 Output/ble_app_uart_c_pca10056_s140 Release/Obj/nrf_section_iter.o
                0x0000000000029342                nrf_section_iter_next
 .text.nrf_sortlist_add
                0x000000000002935a       0x20 Output/ble_app_uart_c_pca10056_s140 Release/Obj/nrf_sortlist.o
                0x000000000002935a                nrf_sortlist_add
 .text.nrf_sortlist_pop
                0x000000000002937a        0xc Output/ble_app_uart_c_pca10056_s140 Release/Obj/nrf_sortlist.o
                0x000000000002937a                nrf_sortlist_pop
 .text.nrf_sortlist_peek
                0x0000000000029386        0x6 Output/ble_app_uart_c_pca10056_s140 Release/Obj/nrf_sortlist.o
                0x0000000000029386                nrf_sortlist_peek
 .text.nrf_sortlist_remove
                0x000000000002938c       0x1a Output/ble_app_uart_c_pca10056_s140 Release/Obj/nrf_sortlist.o
                0x000000000002938c                nrf_sortlist_remove
 *fill*         0x00000000000293a6        0x2 
 .text.nrf_strerror_find
                0x00000000000293a8       0x3c Output/ble_app_uart_c_pca10056_s140 Release/Obj/nrf_strerror.o
                0x00000000000293a8                nrf_strerror_find
 .text.nrf_strerror_get
                0x00000000000293e4       0x14 Output/ble_app_uart_c_pca10056_s140 Release/Obj/nrf_strerror.o
                0x00000000000293e4                nrf_strerror_get
 .text.__putchar
                0x00000000000293f8        0xe Output/ble_app_uart_c_pca10056_s140 Release/Obj/retarget.o
                0x00000000000293f8                __putchar
 *fill*         0x0000000000029406        0x2 
 .text.errata_98
                0x0000000000029408       0x20 Output/ble_app_uart_c_pca10056_s140 Release/Obj/system_nrf52840.o
 .text.SystemInit
                0x0000000000029428      0x1b8 Output/ble_app_uart_c_pca10056_s140 Release/Obj/system_nrf52840.o
                0x0000000000029428                SystemInit
 .text.bsp_board_led_state_get
                0x00000000000295e0       0x28 Output/ble_app_uart_c_pca10056_s140 Release/Obj/boards.o
                0x00000000000295e0                bsp_board_led_state_get
 .text.bsp_board_led_on
                0x0000000000029608       0x28 Output/ble_app_uart_c_pca10056_s140 Release/Obj/boards.o
                0x0000000000029608                bsp_board_led_on
 .text.bsp_board_led_off
                0x0000000000029630       0x28 Output/ble_app_uart_c_pca10056_s140 Release/Obj/boards.o
                0x0000000000029630                bsp_board_led_off
 .text.bsp_board_leds_off
                0x0000000000029658       0x1e Output/ble_app_uart_c_pca10056_s140 Release/Obj/boards.o
                0x0000000000029658                bsp_board_leds_off
 .text.bsp_board_leds_on
                0x0000000000029676       0x1e Output/ble_app_uart_c_pca10056_s140 Release/Obj/boards.o
                0x0000000000029676                bsp_board_leds_on
 .text.bsp_board_led_invert
                0x0000000000029694       0x34 Output/ble_app_uart_c_pca10056_s140 Release/Obj/boards.o
                0x0000000000029694                bsp_board_led_invert
 .text.bsp_board_button_state_get
                0x00000000000296c8       0x28 Output/ble_app_uart_c_pca10056_s140 Release/Obj/boards.o
                0x00000000000296c8                bsp_board_button_state_get
 .text.bsp_board_pin_to_button_idx
                0x00000000000296f0       0x24 Output/ble_app_uart_c_pca10056_s140 Release/Obj/boards.o
                0x00000000000296f0                bsp_board_pin_to_button_idx
 .text.bsp_board_button_idx_to_pin
                0x0000000000029714        0xc Output/ble_app_uart_c_pca10056_s140 Release/Obj/boards.o
                0x0000000000029714                bsp_board_button_idx_to_pin
 .text.bsp_board_init
                0x0000000000029720       0x3e Output/ble_app_uart_c_pca10056_s140 Release/Obj/boards.o
                0x0000000000029720                bsp_board_init
 *fill*         0x000000000002975e        0x2 
 .text.clock_clk_started_notify
                0x0000000000029760       0x24 Output/ble_app_uart_c_pca10056_s140 Release/Obj/nrf_drv_clock.o
 .text.clock_irq_handler
                0x0000000000029784       0x1c Output/ble_app_uart_c_pca10056_s140 Release/Obj/nrf_drv_clock.o
 .text.soc_evt_handler
                0x00000000000297a0       0x14 Output/ble_app_uart_c_pca10056_s140 Release/Obj/nrf_drv_clock.o
 .text.nrf_drv_clock_init
                0x00000000000297b4       0x38 Output/ble_app_uart_c_pca10056_s140 Release/Obj/nrf_drv_clock.o
                0x00000000000297b4                nrf_drv_clock_init
 .text.nrf_drv_clock_lfclk_release
                0x00000000000297ec       0x34 Output/ble_app_uart_c_pca10056_s140 Release/Obj/nrf_drv_clock.o
                0x00000000000297ec                nrf_drv_clock_lfclk_release
 .text.sd_state_evt_handler
                0x0000000000029820       0x58 Output/ble_app_uart_c_pca10056_s140 Release/Obj/nrf_drv_clock.o
 .text.uarte_evt_handler
                0x0000000000029878       0x34 Output/ble_app_uart_c_pca10056_s140 Release/Obj/nrf_drv_uart.o
 .text.uart_evt_handler
                0x00000000000298ac       0x34 Output/ble_app_uart_c_pca10056_s140 Release/Obj/nrf_drv_uart.o
 .text.nrf_drv_uart_init
                0x00000000000298e0       0x78 Output/ble_app_uart_c_pca10056_s140 Release/Obj/nrf_drv_uart.o
                0x00000000000298e0                nrf_drv_uart_init
 .text.nrfx_clock_init
                0x0000000000029958       0x18 Output/ble_app_uart_c_pca10056_s140 Release/Obj/nrfx_clock.o
                0x0000000000029958                nrfx_clock_init
 .text.nrfx_clock_enable
                0x0000000000029970       0x24 Output/ble_app_uart_c_pca10056_s140 Release/Obj/nrfx_clock.o
                0x0000000000029970                nrfx_clock_enable
 .text.nrfx_clock_lfclk_stop
                0x0000000000029994       0x18 Output/ble_app_uart_c_pca10056_s140 Release/Obj/nrfx_clock.o
                0x0000000000029994                nrfx_clock_lfclk_stop
 .text.POWER_CLOCK_IRQHandler
                0x00000000000299ac       0x64 Output/ble_app_uart_c_pca10056_s140 Release/Obj/nrfx_clock.o
                0x00000000000299ac                POWER_CLOCK_IRQHandler
 .text.nrf_gpiote_event_clear
                0x0000000000029a10       0x18 Output/ble_app_uart_c_pca10056_s140 Release/Obj/nrfx_gpiote.o
 .text.nrf_gpio_pin_port_decode
                0x0000000000029a28       0x18 Output/ble_app_uart_c_pca10056_s140 Release/Obj/nrfx_gpiote.o
 .text.nrf_gpio_cfg_sense_set
                0x0000000000029a40       0x2e Output/ble_app_uart_c_pca10056_s140 Release/Obj/nrfx_gpiote.o
 *fill*         0x0000000000029a6e        0x2 
 .text.channel_free
                0x0000000000029a70       0x1c Output/ble_app_uart_c_pca10056_s140 Release/Obj/nrfx_gpiote.o
 .text.nrfx_gpiote_init
                0x0000000000029a8c       0x70 Output/ble_app_uart_c_pca10056_s140 Release/Obj/nrfx_gpiote.o
                0x0000000000029a8c                nrfx_gpiote_init
 .text.nrfx_gpiote_is_init
                0x0000000000029afc       0x14 Output/ble_app_uart_c_pca10056_s140 Release/Obj/nrfx_gpiote.o
                0x0000000000029afc                nrfx_gpiote_is_init
 .text.nrfx_gpiote_in_init
                0x0000000000029b10       0xf8 Output/ble_app_uart_c_pca10056_s140 Release/Obj/nrfx_gpiote.o
                0x0000000000029b10                nrfx_gpiote_in_init
 .text.nrfx_gpiote_in_event_enable
                0x0000000000029c08       0x94 Output/ble_app_uart_c_pca10056_s140 Release/Obj/nrfx_gpiote.o
                0x0000000000029c08                nrfx_gpiote_in_event_enable
 .text.nrfx_gpiote_in_is_set
                0x0000000000029c9c       0x1c Output/ble_app_uart_c_pca10056_s140 Release/Obj/nrfx_gpiote.o
                0x0000000000029c9c                nrfx_gpiote_in_is_set
 .text.GPIOTE_IRQHandler
                0x0000000000029cb8      0x1ac Output/ble_app_uart_c_pca10056_s140 Release/Obj/nrfx_gpiote.o
                0x0000000000029cb8                GPIOTE_IRQHandler
 .text.UARTE0_UART0_IRQHandler
                0x0000000000029e64        0xc Output/ble_app_uart_c_pca10056_s140 Release/Obj/nrfx_prs.o
                0x0000000000029e64                UARTE0_UART0_IRQHandler
 .text.nrfx_prs_acquire
                0x0000000000029e70       0x44 Output/ble_app_uart_c_pca10056_s140 Release/Obj/nrfx_prs.o
                0x0000000000029e70                nrfx_prs_acquire
 .text.nrf_uart_event_clear
                0x0000000000029eb4       0x10 Output/ble_app_uart_c_pca10056_s140 Release/Obj/nrfx_uart.o
 .text.tx_byte  0x0000000000029ec4       0x1e Output/ble_app_uart_c_pca10056_s140 Release/Obj/nrfx_uart.o
 .text.rx_enable.isra.4
                0x0000000000029ee2       0x20 Output/ble_app_uart_c_pca10056_s140 Release/Obj/nrfx_uart.o
 .text.rx_byte  0x0000000000029f02       0x2c Output/ble_app_uart_c_pca10056_s140 Release/Obj/nrfx_uart.o
 *fill*         0x0000000000029f2e        0x2 
 .text.rx_done_event.constprop.7
                0x0000000000029f30       0x20 Output/ble_app_uart_c_pca10056_s140 Release/Obj/nrfx_uart.o
 .text.nrfx_uart_0_irq_handler
                0x0000000000029f50      0x140 Output/ble_app_uart_c_pca10056_s140 Release/Obj/nrfx_uart.o
                0x0000000000029f50                nrfx_uart_0_irq_handler
 .text.nrfx_uart_init
                0x000000000002a090      0x1a8 Output/ble_app_uart_c_pca10056_s140 Release/Obj/nrfx_uart.o
                0x000000000002a090                nrfx_uart_init
 .text.nrfx_uart_tx
                0x000000000002a238       0x94 Output/ble_app_uart_c_pca10056_s140 Release/Obj/nrfx_uart.o
                0x000000000002a238                nrfx_uart_tx
 .text.nrfx_uart_tx_in_progress
                0x000000000002a2cc       0x18 Output/ble_app_uart_c_pca10056_s140 Release/Obj/nrfx_uart.o
                0x000000000002a2cc                nrfx_uart_tx_in_progress
 .text.nrfx_uart_rx
                0x000000000002a2e4       0xf0 Output/ble_app_uart_c_pca10056_s140 Release/Obj/nrfx_uart.o
                0x000000000002a2e4                nrfx_uart_rx
 .text.nrf_uarte_event_clear
                0x000000000002a3d4       0x10 Output/ble_app_uart_c_pca10056_s140 Release/Obj/nrfx_uarte.o
 .text.rx_done_event.constprop.6
                0x000000000002a3e4       0x20 Output/ble_app_uart_c_pca10056_s140 Release/Obj/nrfx_uarte.o
 .text.nrfx_uarte_0_irq_handler
                0x000000000002a404      0x120 Output/ble_app_uart_c_pca10056_s140 Release/Obj/nrfx_uarte.o
                0x000000000002a404                nrfx_uarte_0_irq_handler
 .text.nrfx_uarte_init
                0x000000000002a524      0x1c4 Output/ble_app_uart_c_pca10056_s140 Release/Obj/nrfx_uarte.o
                0x000000000002a524                nrfx_uarte_init
 .text.nrfx_uarte_tx
                0x000000000002a6e8       0x90 Output/ble_app_uart_c_pca10056_s140 Release/Obj/nrfx_uarte.o
                0x000000000002a6e8                nrfx_uarte_tx
 .text.nrfx_uarte_tx_in_progress
                0x000000000002a778       0x18 Output/ble_app_uart_c_pca10056_s140 Release/Obj/nrfx_uarte.o
                0x000000000002a778                nrfx_uarte_tx_in_progress
 .text.nrfx_uarte_rx
                0x000000000002a790       0xd8 Output/ble_app_uart_c_pca10056_s140 Release/Obj/nrfx_uarte.o
                0x000000000002a790                nrfx_uarte_rx
 .text.alert_timer_handler
                0x000000000002a868        0x6 Output/ble_app_uart_c_pca10056_s140 Release/Obj/bsp.o
 *fill*         0x000000000002a86e        0x2 
 .text.bsp_button_event_handler
                0x000000000002a870       0x9c Output/ble_app_uart_c_pca10056_s140 Release/Obj/bsp.o
 .text.button_timer_handler
                0x000000000002a90c        0x8 Output/ble_app_uart_c_pca10056_s140 Release/Obj/bsp.o
 .text.leds_off
                0x000000000002a914       0x2c Output/ble_app_uart_c_pca10056_s140 Release/Obj/bsp.o
 .text.bsp_led_indication
                0x000000000002a940      0x204 Output/ble_app_uart_c_pca10056_s140 Release/Obj/bsp.o
 .text.leds_timer_handler
                0x000000000002ab44       0x1c Output/ble_app_uart_c_pca10056_s140 Release/Obj/bsp.o
 .text.wakeup_button_cfg.part.2
                0x000000000002ab60       0x40 Output/ble_app_uart_c_pca10056_s140 Release/Obj/bsp.o
 .text.bsp_button_is_pressed
                0x000000000002aba0        0xc Output/ble_app_uart_c_pca10056_s140 Release/Obj/bsp.o
                0x000000000002aba0                bsp_button_is_pressed
 .text.bsp_indication_set
                0x000000000002abac       0x18 Output/ble_app_uart_c_pca10056_s140 Release/Obj/bsp.o
                0x000000000002abac                bsp_indication_set
 .text.bsp_init
                0x000000000002abc4       0x9c Output/ble_app_uart_c_pca10056_s140 Release/Obj/bsp.o
                0x000000000002abc4                bsp_init
 .text.bsp_event_to_button_action_assign
                0x000000000002ac60       0x4c Output/ble_app_uart_c_pca10056_s140 Release/Obj/bsp.o
                0x000000000002ac60                bsp_event_to_button_action_assign
 .text.bsp_wakeup_button_enable
                0x000000000002acac        0xe Output/ble_app_uart_c_pca10056_s140 Release/Obj/bsp.o
                0x000000000002acac                bsp_wakeup_button_enable
 .text.advertising_buttons_configure
                0x000000000002acba       0x36 Output/ble_app_uart_c_pca10056_s140 Release/Obj/bsp_btn_ble.o
 .text.ble_evt_handler
                0x000000000002acf0       0x80 Output/ble_app_uart_c_pca10056_s140 Release/Obj/bsp_btn_ble.o
 .text.bsp_btn_ble_sleep_mode_prepare
                0x000000000002ad70       0x1e Output/ble_app_uart_c_pca10056_s140 Release/Obj/bsp_btn_ble.o
                0x000000000002ad70                bsp_btn_ble_sleep_mode_prepare
 *fill*         0x000000000002ad8e        0x2 
 .text.bsp_btn_ble_init
                0x000000000002ad90       0x40 Output/ble_app_uart_c_pca10056_s140 Release/Obj/bsp_btn_ble.o
                0x000000000002ad90                bsp_btn_ble_init
 .text.sd_ble_gap_conn_param_update
                0x000000000002add0        0x4 Output/ble_app_uart_c_pca10056_s140 Release/Obj/main.o
 .text.sd_ble_gap_disconnect
                0x000000000002add4        0x4 Output/ble_app_uart_c_pca10056_s140 Release/Obj/main.o
 .text.sd_ble_gap_sec_params_reply
                0x000000000002add8        0x4 Output/ble_app_uart_c_pca10056_s140 Release/Obj/main.o
 .text.sd_ble_gap_phy_update
                0x000000000002addc        0x4 Output/ble_app_uart_c_pca10056_s140 Release/Obj/main.o
 .text.nus_error_handler
                0x000000000002ade0        0x4 Output/ble_app_uart_c_pca10056_s140 Release/Obj/main.o
 .text.db_disc_handler
                0x000000000002ade4        0xc Output/ble_app_uart_c_pca10056_s140 Release/Obj/main.o
 .text.ble_evt_handler
                0x000000000002adf0       0xdc Output/ble_app_uart_c_pca10056_s140 Release/Obj/main.o
 .text.scan_start
                0x000000000002aecc       0x24 Output/ble_app_uart_c_pca10056_s140 Release/Obj/main.o
 .text.uart_event_handle
                0x000000000002aef0       0xac Output/ble_app_uart_c_pca10056_s140 Release/Obj/main.o
                0x000000000002aef0                uart_event_handle
 .text.shutdown_handler
                0x000000000002af9c       0x20 Output/ble_app_uart_c_pca10056_s140 Release/Obj/main.o
 .text.gatt_evt_handler
                0x000000000002afbc       0x54 Output/ble_app_uart_c_pca10056_s140 Release/Obj/main.o
                0x000000000002afbc                gatt_evt_handler
 .text.bsp_event_handler
                0x000000000002b010       0x34 Output/ble_app_uart_c_pca10056_s140 Release/Obj/main.o
                0x000000000002b010                bsp_event_handler
 .text.ble_nus_c_evt_handler
                0x000000000002b044      0x114 Output/ble_app_uart_c_pca10056_s140 Release/Obj/main.o
 .text.scan_evt_handler
                0x000000000002b158       0x7c Output/ble_app_uart_c_pca10056_s140 Release/Obj/main.o
 .text.gatt_init
                0x000000000002b1d4       0x2c Output/ble_app_uart_c_pca10056_s140 Release/Obj/main.o
                0x000000000002b1d4                gatt_init
 .text.startup.main
                0x000000000002b200      0x194 Output/ble_app_uart_c_pca10056_s140 Release/Obj/main.o
                0x000000000002b200                main
 .text._GetAvailWriteSpace
                0x000000000002b394       0x1c Output/ble_app_uart_c_pca10056_s140 Release/Obj/SEGGER_RTT.o
 .text._WriteNoCheck
                0x000000000002b3b0       0x34 Output/ble_app_uart_c_pca10056_s140 Release/Obj/SEGGER_RTT.o
 .text._WriteBlocking
                0x000000000002b3e4       0x52 Output/ble_app_uart_c_pca10056_s140 Release/Obj/SEGGER_RTT.o
 *fill*         0x000000000002b436        0x2 
 .text._DoInit  0x000000000002b438       0x60 Output/ble_app_uart_c_pca10056_s140 Release/Obj/SEGGER_RTT.o
 .text.SEGGER_RTT_WriteNoLock
                0x000000000002b498       0x68 Output/ble_app_uart_c_pca10056_s140 Release/Obj/SEGGER_RTT.o
                0x000000000002b498                SEGGER_RTT_WriteNoLock
 .text.SEGGER_RTT_Init
                0x000000000002b500        0x4 Output/ble_app_uart_c_pca10056_s140 Release/Obj/SEGGER_RTT.o
                0x000000000002b500                SEGGER_RTT_Init
 .text.sd_ble_uuid_encode
                0x000000000002b504        0x4 Output/ble_app_uart_c_pca10056_s140 Release/Obj/ble_advdata.o
 .text.ble_advdata_search
                0x000000000002b508       0x40 Output/ble_app_uart_c_pca10056_s140 Release/Obj/ble_advdata.o
                0x000000000002b508                ble_advdata_search
 .text.ble_advdata_uuid_find
                0x000000000002b548       0x9a Output/ble_app_uart_c_pca10056_s140 Release/Obj/ble_advdata.o
                0x000000000002b548                ble_advdata_uuid_find
 *fill*         0x000000000002b5e2        0x2 
 .text.registered_handler_get
                0x000000000002b5e4       0x3c Output/ble_app_uart_c_pca10056_s140 Release/Obj/ble_db_discovery.o
 .text.discovery_complete_evt_trigger
                0x000000000002b620       0x84 Output/ble_app_uart_c_pca10056_s140 Release/Obj/ble_db_discovery.o
 .text.discovery_available_evt_trigger
                0x000000000002b6a4       0x30 Output/ble_app_uart_c_pca10056_s140 Release/Obj/ble_db_discovery.o
 .text.discovery_error_handler
                0x000000000002b6d4       0x4e Output/ble_app_uart_c_pca10056_s140 Release/Obj/ble_db_discovery.o
 *fill*         0x000000000002b722        0x2 
 .text.characteristics_discover
                0x000000000002b724       0x80 Output/ble_app_uart_c_pca10056_s140 Release/Obj/ble_db_discovery.o
 .text.on_srv_disc_completion
                0x000000000002b7a4       0xa0 Output/ble_app_uart_c_pca10056_s140 Release/Obj/ble_db_discovery.o
 .text.descriptors_discover
                0x000000000002b844       0xd0 Output/ble_app_uart_c_pca10056_s140 Release/Obj/ble_db_discovery.o
 .text.ble_db_discovery_init
                0x000000000002b914       0x38 Output/ble_app_uart_c_pca10056_s140 Release/Obj/ble_db_discovery.o
                0x000000000002b914                ble_db_discovery_init
 .text.ble_db_discovery_evt_register
                0x000000000002b94c       0x44 Output/ble_app_uart_c_pca10056_s140 Release/Obj/ble_db_discovery.o
                0x000000000002b94c                ble_db_discovery_evt_register
 .text.ble_db_discovery_start
                0x000000000002b990       0xa0 Output/ble_app_uart_c_pca10056_s140 Release/Obj/ble_db_discovery.o
                0x000000000002b990                ble_db_discovery_start
 .text.ble_db_discovery_on_ble_evt
                0x000000000002ba30      0x274 Output/ble_app_uart_c_pca10056_s140 Release/Obj/ble_db_discovery.o
                0x000000000002ba30                ble_db_discovery_on_ble_evt
 .text.sd_ble_gap_data_length_update
                0x000000000002bca4        0x4 Output/ble_app_uart_c_pca10056_s140 Release/Obj/nrf_ble_gatt.o
 .text.sd_ble_gattc_exchange_mtu_request
                0x000000000002bca8        0x4 Output/ble_app_uart_c_pca10056_s140 Release/Obj/nrf_ble_gatt.o
 .text.sd_ble_gatts_exchange_mtu_reply
                0x000000000002bcac        0x4 Output/ble_app_uart_c_pca10056_s140 Release/Obj/nrf_ble_gatt.o
 .text.data_length_update
                0x000000000002bcb0       0x80 Output/ble_app_uart_c_pca10056_s140 Release/Obj/nrf_ble_gatt.o
 .text.nrf_ble_gatt_init
                0x000000000002bd30       0x28 Output/ble_app_uart_c_pca10056_s140 Release/Obj/nrf_ble_gatt.o
                0x000000000002bd30                nrf_ble_gatt_init
 .text.nrf_ble_gatt_att_mtu_central_set
                0x000000000002bd58       0x18 Output/ble_app_uart_c_pca10056_s140 Release/Obj/nrf_ble_gatt.o
                0x000000000002bd58                nrf_ble_gatt_att_mtu_central_set
 .text.nrf_ble_gatt_on_ble_evt
                0x000000000002bd70      0x198 Output/ble_app_uart_c_pca10056_s140 Release/Obj/nrf_ble_gatt.o
                0x000000000002bd70                nrf_ble_gatt_on_ble_evt
 .text.sd_ble_gattc_primary_services_discover
                0x000000000002bf08        0x4 Output/ble_app_uart_c_pca10056_s140 Release/Obj/nrf_ble_gq.o
 .text.sd_ble_gattc_characteristics_discover
                0x000000000002bf0c        0x4 Output/ble_app_uart_c_pca10056_s140 Release/Obj/nrf_ble_gq.o
 .text.sd_ble_gattc_descriptors_discover
                0x000000000002bf10        0x4 Output/ble_app_uart_c_pca10056_s140 Release/Obj/nrf_ble_gq.o
 .text.sd_ble_gattc_read
                0x000000000002bf14        0x4 Output/ble_app_uart_c_pca10056_s140 Release/Obj/nrf_ble_gq.o
 .text.sd_ble_gattc_write
                0x000000000002bf18        0x4 Output/ble_app_uart_c_pca10056_s140 Release/Obj/nrf_ble_gq.o
 .text.sd_ble_gatts_hvx
                0x000000000002bf1c        0x4 Output/ble_app_uart_c_pca10056_s140 Release/Obj/nrf_ble_gq.o
 .text.conn_handle_id_find
                0x000000000002bf20       0x1e Output/ble_app_uart_c_pca10056_s140 Release/Obj/nrf_ble_gq.o
 .text.gatts_hvx_alloc
                0x000000000002bf3e       0x3a Output/ble_app_uart_c_pca10056_s140 Release/Obj/nrf_ble_gq.o
 .text.gattc_write_alloc
                0x000000000002bf78       0x28 Output/ble_app_uart_c_pca10056_s140 Release/Obj/nrf_ble_gq.o
 .text.queues_purge
                0x000000000002bfa0       0x58 Output/ble_app_uart_c_pca10056_s140 Release/Obj/nrf_ble_gq.o
 .text.request_err_code_handle.part.0
                0x000000000002bff8       0x44 Output/ble_app_uart_c_pca10056_s140 Release/Obj/nrf_ble_gq.o
 .text.queue_process
                0x000000000002c03c      0x110 Output/ble_app_uart_c_pca10056_s140 Release/Obj/nrf_ble_gq.o
 .text.nrf_ble_gq_item_add
                0x000000000002c14c      0x13c Output/ble_app_uart_c_pca10056_s140 Release/Obj/nrf_ble_gq.o
                0x000000000002c14c                nrf_ble_gq_item_add
 .text.nrf_ble_gq_conn_handle_register
                0x000000000002c288       0x6a Output/ble_app_uart_c_pca10056_s140 Release/Obj/nrf_ble_gq.o
                0x000000000002c288                nrf_ble_gq_conn_handle_register
 .text.nrf_ble_gq_on_ble_evt
                0x000000000002c2f2       0x5e Output/ble_app_uart_c_pca10056_s140 Release/Obj/nrf_ble_gq.o
                0x000000000002c2f2                nrf_ble_gq_on_ble_evt
 .text.sd_ble_gap_scan_start
                0x000000000002c350        0x4 Output/ble_app_uart_c_pca10056_s140 Release/Obj/nrf_ble_scan.o
 .text.sd_ble_gap_scan_stop
                0x000000000002c354        0x4 Output/ble_app_uart_c_pca10056_s140 Release/Obj/nrf_ble_scan.o
 .text.sd_ble_gap_connect
                0x000000000002c358        0x4 Output/ble_app_uart_c_pca10056_s140 Release/Obj/nrf_ble_scan.o
 .text.nrf_ble_scan_connect_with_target
                0x000000000002c35c       0x42 Output/ble_app_uart_c_pca10056_s140 Release/Obj/nrf_ble_scan.o
 .text.nrf_ble_scan_filter_set
                0x000000000002c39e       0x2e Output/ble_app_uart_c_pca10056_s140 Release/Obj/nrf_ble_scan.o
                0x000000000002c39e                nrf_ble_scan_filter_set
 .text.nrf_ble_scan_filters_enable
                0x000000000002c3cc       0x20 Output/ble_app_uart_c_pca10056_s140 Release/Obj/nrf_ble_scan.o
                0x000000000002c3cc                nrf_ble_scan_filters_enable
 .text.is_whitelist_used
                0x000000000002c3ec        0x8 Output/ble_app_uart_c_pca10056_s140 Release/Obj/nrf_ble_scan.o
                0x000000000002c3ec                is_whitelist_used
 .text.nrf_ble_scan_init
                0x000000000002c3f4       0xb4 Output/ble_app_uart_c_pca10056_s140 Release/Obj/nrf_ble_scan.o
                0x000000000002c3f4                nrf_ble_scan_init
 .text.nrf_ble_scan_start
                0x000000000002c4a8       0x6c Output/ble_app_uart_c_pca10056_s140 Release/Obj/nrf_ble_scan.o
                0x000000000002c4a8                nrf_ble_scan_start
 .text.nrf_ble_scan_on_ble_evt
                0x000000000002c514      0x1a4 Output/ble_app_uart_c_pca10056_s140 Release/Obj/nrf_ble_scan.o
                0x000000000002c514                nrf_ble_scan_on_ble_evt
 .text.sd_ble_uuid_vs_add
                0x000000000002c6b8        0x4 Output/ble_app_uart_c_pca10056_s140 Release/Obj/ble_nus_c.o
 .text.gatt_error_handler
                0x000000000002c6bc        0x8 Output/ble_app_uart_c_pca10056_s140 Release/Obj/ble_nus_c.o
 .text.ble_nus_c_on_db_disc_evt
                0x000000000002c6c4       0x9e Output/ble_app_uart_c_pca10056_s140 Release/Obj/ble_nus_c.o
                0x000000000002c6c4                ble_nus_c_on_db_disc_evt
 *fill*         0x000000000002c762        0x2 
 .text.ble_nus_c_init
                0x000000000002c764       0x68 Output/ble_app_uart_c_pca10056_s140 Release/Obj/ble_nus_c.o
                0x000000000002c764                ble_nus_c_init
 .text.ble_nus_c_on_ble_evt
                0x000000000002c7cc       0x62 Output/ble_app_uart_c_pca10056_s140 Release/Obj/ble_nus_c.o
                0x000000000002c7cc                ble_nus_c_on_ble_evt
 *fill*         0x000000000002c82e        0x2 
 .text.ble_nus_c_tx_notif_enable
                0x000000000002c830       0x64 Output/ble_app_uart_c_pca10056_s140 Release/Obj/ble_nus_c.o
                0x000000000002c830                ble_nus_c_tx_notif_enable
 .text.ble_nus_c_string_send
                0x000000000002c894       0xa0 Output/ble_app_uart_c_pca10056_s140 Release/Obj/ble_nus_c.o
                0x000000000002c894                ble_nus_c_string_send
 .text.ble_nus_c_handles_assign
                0x000000000002c934       0x1c Output/ble_app_uart_c_pca10056_s140 Release/Obj/ble_nus_c.o
                0x000000000002c934                ble_nus_c_handles_assign
 .text.sd_softdevice_enable
                0x000000000002c950        0x4 Output/ble_app_uart_c_pca10056_s140 Release/Obj/nrf_sdh.o
 .text.sdh_request_observer_notify
                0x000000000002c954       0x30 Output/ble_app_uart_c_pca10056_s140 Release/Obj/nrf_sdh.o
 .text.sdh_state_observer_notify
                0x000000000002c984       0x28 Output/ble_app_uart_c_pca10056_s140 Release/Obj/nrf_sdh.o
 .text.softdevices_evt_irq_enable
                0x000000000002c9ac       0x38 Output/ble_app_uart_c_pca10056_s140 Release/Obj/nrf_sdh.o
 .text.nrf_sdh_enable_request
                0x000000000002c9e4       0x7c Output/ble_app_uart_c_pca10056_s140 Release/Obj/nrf_sdh.o
                0x000000000002c9e4                nrf_sdh_enable_request
 .text.nrf_sdh_is_enabled
                0x000000000002ca60        0xc Output/ble_app_uart_c_pca10056_s140 Release/Obj/nrf_sdh.o
                0x000000000002ca60                nrf_sdh_is_enabled
 .text.nrf_sdh_evts_poll
                0x000000000002ca6c       0x28 Output/ble_app_uart_c_pca10056_s140 Release/Obj/nrf_sdh.o
                0x000000000002ca6c                nrf_sdh_evts_poll
 .text.SWI2_EGU2_IRQHandler
                0x000000000002ca94        0x4 Output/ble_app_uart_c_pca10056_s140 Release/Obj/nrf_sdh.o
                0x000000000002ca94                SWI2_EGU2_IRQHandler
 .text.sd_ble_enable
                0x000000000002ca98        0x4 Output/ble_app_uart_c_pca10056_s140 Release/Obj/nrf_sdh_ble.o
 .text.sd_ble_cfg_set
                0x000000000002ca9c        0x4 Output/ble_app_uart_c_pca10056_s140 Release/Obj/nrf_sdh_ble.o
 .text.sd_ble_evt_get
                0x000000000002caa0        0x4 Output/ble_app_uart_c_pca10056_s140 Release/Obj/nrf_sdh_ble.o
 .text.nrf_sdh_ble_evts_poll.part.1
                0x000000000002caa4       0x4c Output/ble_app_uart_c_pca10056_s140 Release/Obj/nrf_sdh_ble.o
 .text.nrf_sdh_ble_evts_poll
                0x000000000002caf0       0x10 Output/ble_app_uart_c_pca10056_s140 Release/Obj/nrf_sdh_ble.o
 .text.nrf_sdh_ble_default_cfg_set
                0x000000000002cb00      0x1a4 Output/ble_app_uart_c_pca10056_s140 Release/Obj/nrf_sdh_ble.o
                0x000000000002cb00                nrf_sdh_ble_default_cfg_set
 .text.nrf_sdh_ble_enable
                0x000000000002cca4       0x94 Output/ble_app_uart_c_pca10056_s140 Release/Obj/nrf_sdh_ble.o
                0x000000000002cca4                nrf_sdh_ble_enable
 .text.sd_evt_get
                0x000000000002cd38        0x4 Output/ble_app_uart_c_pca10056_s140 Release/Obj/nrf_sdh_soc.o
 .text.nrf_sdh_soc_evts_poll
                0x000000000002cd3c       0x3c Output/ble_app_uart_c_pca10056_s140 Release/Obj/nrf_sdh_soc.o
 .text.libc.__int64_udivmod
                0x000000000002cd78       0xce /Applications/SEGGER Embedded Studio for ARM 4.30/lib/libc_v7em_fpv4_sp_d16_hard_t_le_eabi.a(libc_asm.o)
                0x000000000002cd78                __int64_udivmod
                0x000000000002cd78                __aeabi_uldivmod
                0x000000000002cd78                __int64_udiv
                0x000000000002cd78                __udivdi3
 *fill*         0x000000000002ce46        0x2 
 .text.libc.__RAL_ascii_isctype
                0x000000000002ce48       0x1c /Applications/SEGGER Embedded Studio for ARM 4.30/lib/libc_v7em_fpv4_sp_d16_hard_t_le_eabi.a(libc2.o)
 .text.libc.__RAL_ascii_toupper
                0x000000000002ce64        0xc /Applications/SEGGER Embedded Studio for ARM 4.30/lib/libc_v7em_fpv4_sp_d16_hard_t_le_eabi.a(libc2.o)
 .text.libc.__RAL_ascii_tolower
                0x000000000002ce70        0xc /Applications/SEGGER Embedded Studio for ARM 4.30/lib/libc_v7em_fpv4_sp_d16_hard_t_le_eabi.a(libc2.o)
 .text.libc.__RAL_ascii_iswctype
                0x000000000002ce7c       0x1c /Applications/SEGGER Embedded Studio for ARM 4.30/lib/libc_v7em_fpv4_sp_d16_hard_t_le_eabi.a(libc2.o)
 .text.libc.__RAL_ascii_towupper
                0x000000000002ce98        0xc /Applications/SEGGER Embedded Studio for ARM 4.30/lib/libc_v7em_fpv4_sp_d16_hard_t_le_eabi.a(libc2.o)
 .text.libc.__RAL_ascii_towlower
                0x000000000002cea4        0xc /Applications/SEGGER Embedded Studio for ARM 4.30/lib/libc_v7em_fpv4_sp_d16_hard_t_le_eabi.a(libc2.o)
 .text.libc.__RAL_ascii_wctomb
                0x000000000002ceb0        0xe /Applications/SEGGER Embedded Studio for ARM 4.30/lib/libc_v7em_fpv4_sp_d16_hard_t_le_eabi.a(libc2.o)
                0x000000000002ceb0                __RAL_ascii_wctomb
 .text.libc.__RAL_ascii_mbtowc
                0x000000000002cebe       0x24 /Applications/SEGGER Embedded Studio for ARM 4.30/lib/libc_v7em_fpv4_sp_d16_hard_t_le_eabi.a(libc2.o)
                0x000000000002cebe                __RAL_ascii_mbtowc
 .text.libc.__putc
                0x000000000002cee2       0x34 /Applications/SEGGER Embedded Studio for ARM 4.30/lib/libc_v7em_fpv4_sp_d16_hard_t_le_eabi.a(libc2.o)
                0x000000000002cee2                __putc
 .text.libc.__RAL_print_padding
                0x000000000002cf16       0x1c /Applications/SEGGER Embedded Studio for ARM 4.30/lib/libc_v7em_fpv4_sp_d16_hard_t_le_eabi.a(libc2.o)
                0x000000000002cf16                __RAL_print_padding
 .text.libc.__RAL_pre_padding
                0x000000000002cf32       0x1c /Applications/SEGGER Embedded Studio for ARM 4.30/lib/libc_v7em_fpv4_sp_d16_hard_t_le_eabi.a(libc2.o)
                0x000000000002cf32                __RAL_pre_padding
 *fill*         0x000000000002cf4e        0x2 
 .text.libc.__RAL_isctype
                0x000000000002cf50       0x14 /Applications/SEGGER Embedded Studio for ARM 4.30/lib/libc_v7em_fpv4_sp_d16_hard_t_le_eabi.a(libc2.o)
                0x000000000002cf50                __RAL_isctype
 .text.libc.isprint
                0x000000000002cf64        0xa /Applications/SEGGER Embedded Studio for ARM 4.30/lib/libc_v7em_fpv4_sp_d16_hard_t_le_eabi.a(libc2.o)
                0x000000000002cf64                isprint
 .text.libc.memcmp
                0x000000000002cf6e       0x76 /Applications/SEGGER Embedded Studio for ARM 4.30/lib/libc_v7em_fpv4_sp_d16_hard_t_le_eabi.a(libc2.o)
                0x000000000002cf6e                memcmp
 .text.libc.printf
                0x000000000002cfe4       0x40 /Applications/SEGGER Embedded Studio for ARM 4.30/lib/libc_v7em_fpv4_sp_d16_hard_t_le_eabi.a(libc2.o)
                0x000000000002cfe4                printf
 .text.libc.strnlen
                0x000000000002d024       0x22 /Applications/SEGGER Embedded Studio for ARM 4.30/lib/libc_v7em_fpv4_sp_d16_hard_t_le_eabi.a(libc2.o)
                0x000000000002d024                strnlen
 .text.libc.memcpy
                0x000000000002d046       0x52 /Applications/SEGGER Embedded Studio for ARM 4.30/lib/libc_v7em_fpv4_sp_d16_hard_t_le_eabi.a(libc2_asm.o)
                0x000000000002d046                memcpy
                0x000000000002d046                __aeabi_memcpy
                0x000000000002d052                __aeabi_memcpy4
                0x000000000002d052                __aeabi_memcpy8
 .text.libc.memset
                0x000000000002d098       0x66 /Applications/SEGGER Embedded Studio for ARM 4.30/lib/libc_v7em_fpv4_sp_d16_hard_t_le_eabi.a(libc2_asm.o)
                0x000000000002d098                memset
 .text.libc.strcpy
                0x000000000002d0fe       0x44 /Applications/SEGGER Embedded Studio for ARM 4.30/lib/libc_v7em_fpv4_sp_d16_hard_t_le_eabi.a(libc2_asm.o)
                0x000000000002d0fe                strcpy
 .text.libc.strlen
                0x000000000002d142       0x60 /Applications/SEGGER Embedded Studio for ARM 4.30/lib/libc_v7em_fpv4_sp_d16_hard_t_le_eabi.a(libc2_asm.o)
                0x000000000002d142                strlen
 .text.libc.__printf_lock
                0x000000000002d1a2        0x2 /Applications/SEGGER Embedded Studio for ARM 4.30/lib/libc_v7em_fpv4_sp_d16_hard_t_le_eabi.a(libc.o)
                0x000000000002d1a2                __printf_lock
 .text.libc.__printf_unlock
                0x000000000002d1a4        0x2 /Applications/SEGGER Embedded Studio for ARM 4.30/lib/libc_v7em_fpv4_sp_d16_hard_t_le_eabi.a(libc.o)
                0x000000000002d1a4                __printf_unlock
 *fill*         0x000000000002d1a6        0x2 
 .text.libc.__vfprintf_long
                0x000000000002d1a8      0x744 /Applications/SEGGER Embedded Studio for ARM 4.30/lib/libvfprintf_v7em_fpv4_sp_d16_hard_t_le_eabi.o
                0x000000000002d1a8                __vfprintf_long
                0x000000000002d8ec                __text_end__ = (__text_start__ + SIZEOF (.text))
                0x000000000000651c                __text_size__ = SIZEOF (.text)
                0x000000000002d8ec                __text_load_end__ = __text_end__

.vfp11_veneer   0x0000000100000000        0x0
 .vfp11_veneer  0x0000000100000000        0x0 linker stubs

.v4_bx          0x0000000100000000        0x0
 .v4_bx         0x0000000100000000        0x0 linker stubs

.iplt           0x0000000100000000        0x0
 .iplt          0x0000000100000000        0x0 Output/ble_app_uart_c_pca10056_s140 Release/Obj/thumb_crt0.o
                0x0000000000000001                . = ASSERT (((__text_start__ == __text_end__) || ((__text_end__ - __FLASH_segment_start__) <= __FLASH_segment_size__)), error: .text is too large to fit in FLASH memory segment)
                0x000000000002d8ec                __sdh_soc_observers_load_start__ = ALIGN (__text_end__, 0x4)

.sdh_soc_observers
                0x000000000002d8ec        0x8
                0x000000000002d8ec                __sdh_soc_observers_start__ = .
                0x000000000002d8ec                __start_sdh_soc_observers = __sdh_soc_observers_start__
 *(SORT_BY_NAME(.sdh_soc_observers*))
 .sdh_soc_observers0
                0x000000000002d8ec        0x8 Output/ble_app_uart_c_pca10056_s140 Release/Obj/nrf_drv_clock.o
                0x000000000002d8f4                __sdh_soc_observers_end__ = (__sdh_soc_observers_start__ + SIZEOF (.sdh_soc_observers))
                0x0000000000000008                __sdh_soc_observers_size__ = SIZEOF (.sdh_soc_observers)
                0x000000000002d8f4                __stop_sdh_soc_observers = __sdh_soc_observers_end__
                0x000000000002d8f4                __sdh_soc_observers_load_end__ = __sdh_soc_observers_end__
                0x0000000000000001                . = ASSERT (((__sdh_soc_observers_start__ == __sdh_soc_observers_end__) || ((__sdh_soc_observers_end__ - __FLASH_segment_start__) <= __FLASH_segment_size__)), error: .sdh_soc_observers is too large to fit in FLASH memory segment)
                0x000000000002d8f4                __pwr_mgmt_data_load_start__ = ALIGN (__sdh_soc_observers_end__, 0x4)

.pwr_mgmt_data  0x000000000002d8f4        0x4
                0x000000000002d8f4                __pwr_mgmt_data_start__ = .
                0x000000000002d8f4                __start_pwr_mgmt_data = __pwr_mgmt_data_start__
 *(SORT_BY_NAME(.pwr_mgmt_data*))
 .pwr_mgmt_data1
                0x000000000002d8f4        0x4 Output/ble_app_uart_c_pca10056_s140 Release/Obj/main.o
                0x000000000002d8f8                __pwr_mgmt_data_end__ = (__pwr_mgmt_data_start__ + SIZEOF (.pwr_mgmt_data))
                0x0000000000000004                __pwr_mgmt_data_size__ = SIZEOF (.pwr_mgmt_data)
                0x000000000002d8f8                __stop_pwr_mgmt_data = __pwr_mgmt_data_end__
                0x000000000002d8f8                __pwr_mgmt_data_load_end__ = __pwr_mgmt_data_end__
                0x0000000000000001                . = ASSERT (((__pwr_mgmt_data_start__ == __pwr_mgmt_data_end__) || ((__pwr_mgmt_data_end__ - __FLASH_segment_start__) <= __FLASH_segment_size__)), error: .pwr_mgmt_data is too large to fit in FLASH memory segment)
                0x000000000002d8f8                __log_const_data_load_start__ = ALIGN (__pwr_mgmt_data_end__, 0x4)

.log_const_data
                0x000000000002d8f8       0x98
                0x000000000002d8f8                __log_const_data_start__ = .
                0x000000000002d8f8                __start_log_const_data = __log_const_data_start__
 *(SORT_BY_NAME(.log_const_data*))
 .log_const_data_CLOCK
                0x000000000002d8f8        0x8 Output/ble_app_uart_c_pca10056_s140 Release/Obj/nrfx_clock.o
                0x000000000002d8f8                m_nrf_log_CLOCK_logs_data_const
 .log_const_data_GPIOTE
                0x000000000002d900        0x8 Output/ble_app_uart_c_pca10056_s140 Release/Obj/nrfx_gpiote.o
                0x000000000002d900                m_nrf_log_GPIOTE_logs_data_const
 .log_const_data_PRS
                0x000000000002d908        0x8 Output/ble_app_uart_c_pca10056_s140 Release/Obj/nrfx_prs.o
                0x000000000002d908                m_nrf_log_PRS_logs_data_const
 .log_const_data_UART
                0x000000000002d910        0x8 Output/ble_app_uart_c_pca10056_s140 Release/Obj/nrfx_uart.o
                0x000000000002d910                m_nrf_log_UART_logs_data_const
 .log_const_data_UARTE
                0x000000000002d918        0x8 Output/ble_app_uart_c_pca10056_s140 Release/Obj/nrfx_uarte.o
                0x000000000002d918                m_nrf_log_UARTE_logs_data_const
 .log_const_data_app
                0x000000000002d920        0x8 Output/ble_app_uart_c_pca10056_s140 Release/Obj/nrf_log_frontend.o
                0x000000000002d920                m_nrf_log_app_logs_data_const
 .log_const_data_app_button
                0x000000000002d928        0x8 Output/ble_app_uart_c_pca10056_s140 Release/Obj/app_button.o
                0x000000000002d928                m_nrf_log_app_button_logs_data_const
 .log_const_data_app_timer
                0x000000000002d930        0x8 Output/ble_app_uart_c_pca10056_s140 Release/Obj/app_timer2.o
                0x000000000002d930                m_nrf_log_app_timer_logs_data_const
 .log_const_data_ble_db_disc
                0x000000000002d938        0x8 Output/ble_app_uart_c_pca10056_s140 Release/Obj/ble_db_discovery.o
                0x000000000002d938                m_nrf_log_ble_db_disc_logs_data_const
 .log_const_data_ble_nus_c
                0x000000000002d940        0x8 Output/ble_app_uart_c_pca10056_s140 Release/Obj/ble_nus_c.o
                0x000000000002d940                m_nrf_log_ble_nus_c_logs_data_const
 .log_const_data_ble_scan
                0x000000000002d948        0x8 Output/ble_app_uart_c_pca10056_s140 Release/Obj/nrf_ble_scan.o
                0x000000000002d948                m_nrf_log_ble_scan_logs_data_const
 .log_const_data_clock
                0x000000000002d950        0x8 Output/ble_app_uart_c_pca10056_s140 Release/Obj/nrf_drv_clock.o
                0x000000000002d950                m_nrf_log_clock_logs_data_const
 .log_const_data_nrf_ble_gatt
                0x000000000002d958        0x8 Output/ble_app_uart_c_pca10056_s140 Release/Obj/nrf_ble_gatt.o
                0x000000000002d958                m_nrf_log_nrf_ble_gatt_logs_data_const
 .log_const_data_nrf_ble_gq
                0x000000000002d960        0x8 Output/ble_app_uart_c_pca10056_s140 Release/Obj/nrf_ble_gq.o
                0x000000000002d960                m_nrf_log_nrf_ble_gq_logs_data_const
 .log_const_data_nrf_sdh
                0x000000000002d968        0x8 Output/ble_app_uart_c_pca10056_s140 Release/Obj/nrf_sdh.o
                0x000000000002d968                m_nrf_log_nrf_sdh_logs_data_const
 .log_const_data_nrf_sdh_ble
                0x000000000002d970        0x8 Output/ble_app_uart_c_pca10056_s140 Release/Obj/nrf_sdh_ble.o
                0x000000000002d970                m_nrf_log_nrf_sdh_ble_logs_data_const
 .log_const_data_nrf_sdh_soc
                0x000000000002d978        0x8 Output/ble_app_uart_c_pca10056_s140 Release/Obj/nrf_sdh_soc.o
                0x000000000002d978                m_nrf_log_nrf_sdh_soc_logs_data_const
 .log_const_data_pwr_mgmt
                0x000000000002d980        0x8 Output/ble_app_uart_c_pca10056_s140 Release/Obj/nrf_pwr_mgmt.o
                0x000000000002d980                m_nrf_log_pwr_mgmt_logs_data_const
 .log_const_data_sortlist
                0x000000000002d988        0x8 Output/ble_app_uart_c_pca10056_s140 Release/Obj/nrf_sortlist.o
                0x000000000002d988                m_nrf_log_sortlist_logs_data_const
                0x000000000002d990                __log_const_data_end__ = (__log_const_data_start__ + SIZEOF (.log_const_data))
                0x0000000000000098                __log_const_data_size__ = SIZEOF (.log_const_data)
                0x000000000002d990                __stop_log_const_data = __log_const_data_end__
                0x000000000002d990                __log_const_data_load_end__ = __log_const_data_end__
                0x0000000000000001                . = ASSERT (((__log_const_data_start__ == __log_const_data_end__) || ((__log_const_data_end__ - __FLASH_segment_start__) <= __FLASH_segment_size__)), error: .log_const_data is too large to fit in FLASH memory segment)
                0x000000000002d990                __nrf_balloc_load_start__ = ALIGN (__log_const_data_end__, 0x4)

.nrf_balloc     0x000000000002d990       0x28
                0x000000000002d990                __nrf_balloc_start__ = .
                0x000000000002d990                __start_nrf_balloc = __nrf_balloc_start__
 *(.nrf_balloc*)
 .nrf_balloc    0x000000000002d990       0x14 Output/ble_app_uart_c_pca10056_s140 Release/Obj/nrf_log_frontend.o
                0x000000000002d990                log_mempool
 .nrf_balloc    0x000000000002d9a4       0x14 Output/ble_app_uart_c_pca10056_s140 Release/Obj/main.o
                0x000000000002d9a4                m_ble_gatt_queuepool
                0x000000000002d9b8                __nrf_balloc_end__ = (__nrf_balloc_start__ + SIZEOF (.nrf_balloc))
                0x0000000000000028                __nrf_balloc_size__ = SIZEOF (.nrf_balloc)
                0x000000000002d9b8                __stop_nrf_balloc = __nrf_balloc_end__
                0x000000000002d9b8                __nrf_balloc_load_end__ = __nrf_balloc_end__
                0x0000000000000001                . = ASSERT (((__nrf_balloc_start__ == __nrf_balloc_end__) || ((__nrf_balloc_end__ - __FLASH_segment_start__) <= __FLASH_segment_size__)), error: .nrf_balloc is too large to fit in FLASH memory segment)
                0x000000000002d9b8                __nrf_queue_load_start__ = ALIGN (__nrf_balloc_end__, 0x4)

.nrf_queue      0x000000000002d9b8       0x14
                0x000000000002d9b8                __nrf_queue_start__ = .
                0x000000000002d9b8                __start_nrf_queue = __nrf_queue_start__
 *(.nrf_queue*)
 .nrf_queue     0x000000000002d9b8       0x14 Output/ble_app_uart_c_pca10056_s140 Release/Obj/main.o
                0x000000000002d9b8                m_ble_gatt_queuepurge_queue
                0x000000000002d9cc                __nrf_queue_end__ = (__nrf_queue_start__ + SIZEOF (.nrf_queue))
                0x0000000000000014                __nrf_queue_size__ = SIZEOF (.nrf_queue)
                0x000000000002d9cc                __stop_nrf_queue = __nrf_queue_end__
                0x000000000002d9cc                __nrf_queue_load_end__ = __nrf_queue_end__
                0x0000000000000001                . = ASSERT (((__nrf_queue_start__ == __nrf_queue_end__) || ((__nrf_queue_end__ - __FLASH_segment_start__) <= __FLASH_segment_size__)), error: .nrf_queue is too large to fit in FLASH memory segment)
                0x000000000002d9cc                __sdh_state_observers_load_start__ = ALIGN (__nrf_queue_end__, 0x4)

.sdh_state_observers
                0x000000000002d9cc        0x8
                0x000000000002d9cc                __sdh_state_observers_start__ = .
                0x000000000002d9cc                __start_sdh_state_observers = __sdh_state_observers_start__
 *(SORT_BY_NAME(.sdh_state_observers*))
 .sdh_state_observers0
                0x000000000002d9cc        0x8 Output/ble_app_uart_c_pca10056_s140 Release/Obj/nrf_drv_clock.o
                0x000000000002d9d4                __sdh_state_observers_end__ = (__sdh_state_observers_start__ + SIZEOF (.sdh_state_observers))
                0x0000000000000008                __sdh_state_observers_size__ = SIZEOF (.sdh_state_observers)
                0x000000000002d9d4                __stop_sdh_state_observers = __sdh_state_observers_end__
                0x000000000002d9d4                __sdh_state_observers_load_end__ = __sdh_state_observers_end__
                0x0000000000000001                . = ASSERT (((__sdh_state_observers_start__ == __sdh_state_observers_end__) || ((__sdh_state_observers_end__ - __FLASH_segment_start__) <= __FLASH_segment_size__)), error: .sdh_state_observers is too large to fit in FLASH memory segment)
                0x000000000002d9d4                __sdh_stack_observers_load_start__ = ALIGN (__sdh_state_observers_end__, 0x4)

.sdh_stack_observers
                0x000000000002d9d4       0x10
                0x000000000002d9d4                __sdh_stack_observers_start__ = .
                0x000000000002d9d4                __start_sdh_stack_observers = __sdh_stack_observers_start__
 *(SORT_BY_NAME(.sdh_stack_observers*))
 .sdh_stack_observers0
                0x000000000002d9d4        0x8 Output/ble_app_uart_c_pca10056_s140 Release/Obj/nrf_sdh_ble.o
 .sdh_stack_observers0
                0x000000000002d9dc        0x8 Output/ble_app_uart_c_pca10056_s140 Release/Obj/nrf_sdh_soc.o
                0x000000000002d9e4                __sdh_stack_observers_end__ = (__sdh_stack_observers_start__ + SIZEOF (.sdh_stack_observers))
                0x0000000000000010                __sdh_stack_observers_size__ = SIZEOF (.sdh_stack_observers)
                0x000000000002d9e4                __stop_sdh_stack_observers = __sdh_stack_observers_end__
                0x000000000002d9e4                __sdh_stack_observers_load_end__ = __sdh_stack_observers_end__
                0x0000000000000001                . = ASSERT (((__sdh_stack_observers_start__ == __sdh_stack_observers_end__) || ((__sdh_stack_observers_end__ - __FLASH_segment_start__) <= __FLASH_segment_size__)), error: .sdh_stack_observers is too large to fit in FLASH memory segment)
                0x000000000002d9e4                __sdh_req_observers_load_start__ = ALIGN (__sdh_stack_observers_end__, 0x4)

.sdh_req_observers
                0x000000000002d9e4        0x0
                0x000000000002d9e4                __sdh_req_observers_start__ = .
                0x000000000002d9e4                __start_sdh_req_observers = __sdh_req_observers_start__
 *(SORT_BY_NAME(.sdh_req_observers*))
                0x000000000002d9e4                __sdh_req_observers_end__ = (__sdh_req_observers_start__ + SIZEOF (.sdh_req_observers))
                0x0000000000000000                __sdh_req_observers_size__ = SIZEOF (.sdh_req_observers)
                0x000000000002d9e4                __stop_sdh_req_observers = __sdh_req_observers_end__
                0x000000000002d9e4                __sdh_req_observers_load_end__ = __sdh_req_observers_end__
                0x0000000000000001                . = ASSERT (((__sdh_req_observers_start__ == __sdh_req_observers_end__) || ((__sdh_req_observers_end__ - __FLASH_segment_start__) <= __FLASH_segment_size__)), error: .sdh_req_observers is too large to fit in FLASH memory segment)
                0x000000000002d9e4                __cli_command_load_start__ = ALIGN (__sdh_req_observers_end__, 0x4)

.cli_command    0x000000000002d9e4        0x0
                0x000000000002d9e4                __cli_command_start__ = .
                0x000000000002d9e4                __start_cli_command = __cli_command_start__
 *(.cli_command*)
                0x000000000002d9e4                __cli_command_end__ = (__cli_command_start__ + SIZEOF (.cli_command))
                0x0000000000000000                __cli_command_size__ = SIZEOF (.cli_command)
                0x000000000002d9e4                __stop_cli_command = __cli_command_end__
                0x000000000002d9e4                __cli_command_load_end__ = __cli_command_end__
                0x0000000000000001                . = ASSERT (((__cli_command_start__ == __cli_command_end__) || ((__cli_command_end__ - __FLASH_segment_start__) <= __FLASH_segment_size__)), error: .cli_command is too large to fit in FLASH memory segment)
                0x000000000002d9e4                __crypto_data_load_start__ = ALIGN (__cli_command_end__, 0x4)

.crypto_data    0x000000000002d9e4        0x0
                0x000000000002d9e4                __crypto_data_start__ = .
                0x000000000002d9e4                __start_crypto_data = __crypto_data_start__
 *(SORT_BY_NAME(.crypto_data*))
                0x000000000002d9e4                __crypto_data_end__ = (__crypto_data_start__ + SIZEOF (.crypto_data))
                0x0000000000000000                __crypto_data_size__ = SIZEOF (.crypto_data)
                0x000000000002d9e4                __stop_crypto_data = __crypto_data_end__
                0x000000000002d9e4                __crypto_data_load_end__ = __crypto_data_end__
                0x0000000000000001                . = ASSERT (((__crypto_data_start__ == __crypto_data_end__) || ((__crypto_data_end__ - __FLASH_segment_start__) <= __FLASH_segment_size__)), error: .crypto_data is too large to fit in FLASH memory segment)
                0x000000000002d9e4                __sdh_ble_observers_load_start__ = ALIGN (__crypto_data_end__, 0x4)

.sdh_ble_observers
                0x000000000002d9e4       0x38
                0x000000000002d9e4                __sdh_ble_observers_start__ = .
                0x000000000002d9e4                __start_sdh_ble_observers = __sdh_ble_observers_start__
 *(SORT_BY_NAME(.sdh_ble_observers*))
 .sdh_ble_observers1
                0x000000000002d9e4        0x8 Output/ble_app_uart_c_pca10056_s140 Release/Obj/bsp_btn_ble.o
 .sdh_ble_observers1
                0x000000000002d9ec       0x20 Output/ble_app_uart_c_pca10056_s140 Release/Obj/main.o
 .sdh_ble_observers2
                0x000000000002da0c        0x8 Output/ble_app_uart_c_pca10056_s140 Release/Obj/main.o
 .sdh_ble_observers3
                0x000000000002da14        0x8 Output/ble_app_uart_c_pca10056_s140 Release/Obj/main.o
                0x000000000002da1c                __sdh_ble_observers_end__ = (__sdh_ble_observers_start__ + SIZEOF (.sdh_ble_observers))
                0x0000000000000038                __sdh_ble_observers_size__ = SIZEOF (.sdh_ble_observers)
                0x000000000002da1c                __stop_sdh_ble_observers = __sdh_ble_observers_end__
                0x000000000002da1c                __sdh_ble_observers_load_end__ = __sdh_ble_observers_end__
                0x0000000000000001                . = ASSERT (((__sdh_ble_observers_start__ == __sdh_ble_observers_end__) || ((__sdh_ble_observers_end__ - __FLASH_segment_start__) <= __FLASH_segment_size__)), error: .sdh_ble_observers is too large to fit in FLASH memory segment)
                0x000000000002da1c                __log_backends_load_start__ = ALIGN (__sdh_ble_observers_end__, 0x4)

.log_backends   0x000000000002da1c       0x10
                0x000000000002da1c                __log_backends_start__ = .
                0x000000000002da1c                __start_log_backends = __log_backends_start__
 *(SORT_BY_NAME(.log_backends*))
 .log_backends  0x000000000002da1c       0x10 Output/ble_app_uart_c_pca10056_s140 Release/Obj/nrf_log_default_backends.o
                0x000000000002da2c                __log_backends_end__ = (__log_backends_start__ + SIZEOF (.log_backends))
                0x0000000000000010                __log_backends_size__ = SIZEOF (.log_backends)
                0x000000000002da2c                __stop_log_backends = __log_backends_end__
                0x000000000002da2c                __log_backends_load_end__ = __log_backends_end__
                0x0000000000000001                . = ASSERT (((__log_backends_start__ == __log_backends_end__) || ((__log_backends_end__ - __FLASH_segment_start__) <= __FLASH_segment_size__)), error: .log_backends is too large to fit in FLASH memory segment)
                0x000000000002da2c                __nrf_sections_load_start__ = ALIGN (__log_backends_end__, 0x4)

.nrf_sections   0x000000000002da2c        0x0
                0x000000000002da2c                __nrf_sections_start__ = .
                0x000000000002da2c                __start_nrf_sections = __nrf_sections_start__
 *(.nrf_sections .nrf_sections.*)
                0x000000000002da2c                __nrf_sections_end__ = (__nrf_sections_start__ + SIZEOF (.nrf_sections))
                0x0000000000000000                __nrf_sections_size__ = SIZEOF (.nrf_sections)
                0x000000000002da2c                __nrf_sections_load_end__ = __nrf_sections_end__
                0x0000000000000001                . = ASSERT (((__nrf_sections_start__ == __nrf_sections_end__) || ((__nrf_sections_end__ - __FLASH_segment_start__) <= __FLASH_segment_size__)), error: .nrf_sections is too large to fit in FLASH memory segment)
                0x000000000002da2c                __log_dynamic_data_load_start__ = ALIGN (__nrf_sections_end__, 0x4)

.log_dynamic_data
                0x0000000020002a38        0x0 load address 0x000000000002da2c
                0x0000000020002a38                __log_dynamic_data_start__ = .
 *(SORT_BY_NAME(.log_dynamic_data*))
                0x0000000020002a38                __log_dynamic_data_end__ = (__log_dynamic_data_start__ + SIZEOF (.log_dynamic_data))
                0x0000000000000000                __log_dynamic_data_size__ = SIZEOF (.log_dynamic_data)
                0x000000000002da2c                __log_dynamic_data_load_end__ = (__log_dynamic_data_load_start__ + SIZEOF (.log_dynamic_data))
                0x0000000000000001                . = ASSERT (((__log_dynamic_data_load_start__ == __log_dynamic_data_load_end__) || ((__log_dynamic_data_load_end__ - __FLASH_segment_start__) <= __FLASH_segment_size__)), error: .log_dynamic_data is too large to fit in FLASH memory segment)

.log_dynamic_data_run
                0x0000000020002a38        0x0
                0x0000000020002a38                __log_dynamic_data_run_start__ = .
                0x0000000020002a38                __start_log_dynamic_data = __log_dynamic_data_run_start__
                0x0000000020002a38                . = MAX ((__log_dynamic_data_run_start__ + SIZEOF (.log_dynamic_data)), .)
                0x0000000020002a38                __log_dynamic_data_run_end__ = (__log_dynamic_data_run_start__ + SIZEOF (.log_dynamic_data_run))
                0x0000000000000000                __log_dynamic_data_run_size__ = SIZEOF (.log_dynamic_data_run)
                0x0000000020002a38                __stop_log_dynamic_data = __log_dynamic_data_run_end__
                0x0000000020002a38                __log_dynamic_data_run_load_end__ = __log_dynamic_data_run_end__
                0x0000000000000001                . = ASSERT (((__log_dynamic_data_run_start__ == __log_dynamic_data_run_end__) || ((__log_dynamic_data_run_end__ - __RAM_segment_start__) <= __RAM_segment_size__)), error: .log_dynamic_data_run is too large to fit in RAM memory segment)
                0x000000000002da2c                __log_filter_data_load_start__ = ALIGN ((__log_dynamic_data_load_start__ + SIZEOF (.log_dynamic_data)), 0x4)

.log_filter_data
                0x0000000020002a38        0x0 load address 0x000000000002da2c
                0x0000000020002a38                __log_filter_data_start__ = .
 *(SORT_BY_NAME(.log_filter_data*))
                0x0000000020002a38                __log_filter_data_end__ = (__log_filter_data_start__ + SIZEOF (.log_filter_data))
                0x0000000000000000                __log_filter_data_size__ = SIZEOF (.log_filter_data)
                0x000000000002da2c                __log_filter_data_load_end__ = (__log_filter_data_load_start__ + SIZEOF (.log_filter_data))
                0x0000000000000001                . = ASSERT (((__log_filter_data_load_start__ == __log_filter_data_load_end__) || ((__log_filter_data_load_end__ - __FLASH_segment_start__) <= __FLASH_segment_size__)), error: .log_filter_data is too large to fit in FLASH memory segment)

.log_filter_data_run
                0x0000000020002a38        0x0
                0x0000000020002a38                __log_filter_data_run_start__ = .
                0x0000000020002a38                __start_log_filter_data = __log_filter_data_run_start__
                0x0000000020002a38                . = MAX ((__log_filter_data_run_start__ + SIZEOF (.log_filter_data)), .)
                0x0000000020002a38                __log_filter_data_run_end__ = (__log_filter_data_run_start__ + SIZEOF (.log_filter_data_run))
                0x0000000000000000                __log_filter_data_run_size__ = SIZEOF (.log_filter_data_run)
                0x0000000020002a38                __stop_log_filter_data = __log_filter_data_run_end__
                0x0000000020002a38                __log_filter_data_run_load_end__ = __log_filter_data_run_end__
                0x0000000000000001                . = ASSERT (((__log_filter_data_run_start__ == __log_filter_data_run_end__) || ((__log_filter_data_run_end__ - __RAM_segment_start__) <= __RAM_segment_size__)), error: .log_filter_data_run is too large to fit in RAM memory segment)
                0x000000000002da2c                __cli_sorted_cmd_ptrs_load_start__ = ALIGN ((__log_filter_data_load_start__ + SIZEOF (.log_filter_data)), 0x4)

.cli_sorted_cmd_ptrs
                0x0000000020002a38        0x0 load address 0x000000000002da2c
                0x0000000020002a38                __cli_sorted_cmd_ptrs_start__ = .
 *(.cli_sorted_cmd_ptrs*)
                0x0000000020002a38                __cli_sorted_cmd_ptrs_end__ = (__cli_sorted_cmd_ptrs_start__ + SIZEOF (.cli_sorted_cmd_ptrs))
                0x0000000000000000                __cli_sorted_cmd_ptrs_size__ = SIZEOF (.cli_sorted_cmd_ptrs)
                0x000000000002da2c                __cli_sorted_cmd_ptrs_load_end__ = (__cli_sorted_cmd_ptrs_load_start__ + SIZEOF (.cli_sorted_cmd_ptrs))